JobId=1308 JobName=d34-persist-physical
   UserId=junmiaoh(1003) GroupId=junmiaoh(1006) MCS_label=N/A
   Priority=4294900788 Nice=0 Account=lab QOS=lab-gpu2
   JobState=RUNNING Reason=None Dependency=(null)
   Requeue=1 Restarts=0 BatchFlag=1 Reboot=0 ExitCode=0:0
   RunTime=00:00:02 TimeLimit=00:20:00 TimeMin=N/A
   SubmitTime=2026-09-23T19:38:10 EligibleTime=2026-09-23T19:39:20
   AccrueTime=Unknown
   StartTime=2026-09-23T19:39:20 EndTime=2026-09-23T19:59:20 Deadline=N/A
   SuspendTime=None SecsPreSuspend=0 LastSchedEval=2026-09-23T19:39:20 Scheduler=Main
   Partition=gpu AllocNode:Sid=1212ac4ba094:2559641
   ReqNodeList=(null) ExcNodeList=(null)
   NodeList=1212ac4ba094
   BatchHost=1212ac4ba094
   NumNodes=1 NumCPUs=4 NumTasks=1 CPUs/Task=4 ReqB:S:C:T=0:0:*:*
   TRES=cpu=4,mem=32G,node=1,billing=4,gres/gpu=1
   Socks/Node=* NtasksPerN:B:S:C=0:0:*:* CoreSpec=*
   MinCPUsNode=4 MinMemoryNode=32G MinTmpDiskNode=0
   Features=(null) DelayBoot=00:00:00
   OverSubscribe=OK Contiguous=0 Licenses=(null) Network=(null)
   Command=(null)
   WorkDir=/workspace/junmiaoh/experiments/precision-mlps/mechanism-0365cd3-20260923/code
   StdErr=/workspace/junmiaoh/experiments/precision-mlps/mechanism-0365cd3-20260923/logs/persistence-physical-1308.log
   StdIn=/dev/null
   StdOut=/workspace/junmiaoh/experiments/precision-mlps/mechanism-0365cd3-20260923/logs/persistence-physical-1308.log
   Power=
   TresPerNode=gres:gpu:1
   

StepId=1308.0 UserId=1003 StartTime=2026-09-23T19:39:20 TimeLimit=UNLIMITED
   State=RUNNING Partition=gpu NodeList=1212ac4ba094
   Nodes=1 CPUs=4 Tasks=1 Name=bash Network=(null)
   TRES=cpu=4,gres/gpu=1,mem=32G,node=1
   ResvPorts=(null)
   CPUFreqReq=Default Dist=Cyclic
   SrunHost:Pid=1212ac4ba094:2560395
   TresPerNode=gres:gpu:1

{"horizon": 0, "failed": 0, "elapsed_seconds": 1.9218041943386197}
{"horizon": 1, "failed": 0, "elapsed_seconds": 2.4761637933552265}
{"horizon": 2, "failed": 0, "elapsed_seconds": 2.5214161751791835}
{"horizon": 10, "failed": 0, "elapsed_seconds": 2.5764809362590313}
{"horizon": 100, "failed": 0, "elapsed_seconds": 2.6578649431467056}
{"horizon": 1000, "failed": 0, "elapsed_seconds": 3.1507419822737575}
{"horizon": 10000, "failed": 0, "elapsed_seconds": 7.7530350387096405}
{"horizon": 20000, "failed": 0, "elapsed_seconds": 12.84104033280164}
JobId=1308 JobName=d34-persist-physical
   UserId=junmiaoh(1003) GroupId=junmiaoh(1006) MCS_label=N/A
   Priority=4294900788 Nice=0 Account=lab QOS=lab-gpu2
   JobState=RUNNING Reason=None Dependency=(null)
   Requeue=1 Restarts=0 BatchFlag=1 Reboot=0 ExitCode=0:0
   RunTime=00:00:20 TimeLimit=00:20:00 TimeMin=N/A
   SubmitTime=2026-09-23T19:38:10 EligibleTime=2026-09-23T19:39:20
   AccrueTime=Unknown
   StartTime=2026-09-23T19:39:20 EndTime=2026-09-23T19:59:20 Deadline=N/A
   SuspendTime=None SecsPreSuspend=0 LastSchedEval=2026-09-23T19:39:20 Scheduler=Main
   Partition=gpu AllocNode:Sid=1212ac4ba094:2559641
   ReqNodeList=(null) ExcNodeList=(null)
   NodeList=1212ac4ba094
   BatchHost=1212ac4ba094
   NumNodes=1 NumCPUs=4 NumTasks=1 CPUs/Task=4 ReqB:S:C:T=0:0:*:*
   TRES=cpu=4,mem=32G,node=1,billing=4,gres/gpu=1
   Socks/Node=* NtasksPerN:B:S:C=0:0:*:* CoreSpec=*
   MinCPUsNode=4 MinMemoryNode=32G MinTmpDiskNode=0
   Features=(null) DelayBoot=00:00:00
   OverSubscribe=OK Contiguous=0 Licenses=(null) Network=(null)
   Command=(null)
   WorkDir=/workspace/junmiaoh/experiments/precision-mlps/mechanism-0365cd3-20260923/code
   StdErr=/workspace/junmiaoh/experiments/precision-mlps/mechanism-0365cd3-20260923/logs/persistence-physical-1308.log
   StdIn=/dev/null
   StdOut=/workspace/junmiaoh/experiments/precision-mlps/mechanism-0365cd3-20260923/logs/persistence-physical-1308.log
   Power=
   TresPerNode=gres:gpu:1
   

StepId=1308.0 UserId=1003 StartTime=2026-09-23T19:39:20 TimeLimit=UNLIMITED
   State=RUNNING Partition=gpu NodeList=1212ac4ba094
   Nodes=1 CPUs=4 Tasks=1 Name=bash Network=(null)
   TRES=cpu=4,gres/gpu=1,mem=32G,node=1
   ResvPorts=(null)
   CPUFreqReq=Default Dist=Cyclic
   SrunHost:Pid=1212ac4ba094:2560395
   TresPerNode=gres:gpu:1

{"horizon": 0, "failed": 0, "elapsed_seconds": 1.8231434188783169}
{"horizon": 1, "failed": 0, "elapsed_seconds": 2.3509535640478134}
{"horizon": 2, "failed": 0, "elapsed_seconds": 2.3733260752633214}
{"horizon": 10, "failed": 0, "elapsed_seconds": 2.39674043469131}
{"horizon": 100, "failed": 0, "elapsed_seconds": 2.4364302083849907}
{"horizon": 1000, "failed": 0, "elapsed_seconds": 2.692445437423885}
{"horizon": 10000, "failed": 0, "elapsed_seconds": 5.106487819924951}
{"horizon": 20000, "failed": 0, "elapsed_seconds": 7.76306124124676}
JobId=1308 JobName=d34-persist-physical
   UserId=junmiaoh(1003) GroupId=junmiaoh(1006) MCS_label=N/A
   Priority=4294900788 Nice=0 Account=lab QOS=lab-gpu2
   JobState=RUNNING Reason=None Dependency=(null)
   Requeue=1 Restarts=0 BatchFlag=1 Reboot=0 ExitCode=0:0
   RunTime=00:00:34 TimeLimit=00:20:00 TimeMin=N/A
   SubmitTime=2026-09-23T19:38:10 EligibleTime=2026-09-23T19:39:20
   AccrueTime=Unknown
   StartTime=2026-09-23T19:39:20 EndTime=2026-09-23T19:59:20 Deadline=N/A
   SuspendTime=None SecsPreSuspend=0 LastSchedEval=2026-09-23T19:39:20 Scheduler=Main
   Partition=gpu AllocNode:Sid=1212ac4ba094:2559641
   ReqNodeList=(null) ExcNodeList=(null)
   NodeList=1212ac4ba094
   BatchHost=1212ac4ba094
   NumNodes=1 NumCPUs=4 NumTasks=1 CPUs/Task=4 ReqB:S:C:T=0:0:*:*
   TRES=cpu=4,mem=32G,node=1,billing=4,gres/gpu=1
   Socks/Node=* NtasksPerN:B:S:C=0:0:*:* CoreSpec=*
   MinCPUsNode=4 MinMemoryNode=32G MinTmpDiskNode=0
   Features=(null) DelayBoot=00:00:00
   OverSubscribe=OK Contiguous=0 Licenses=(null) Network=(null)
   Command=(null)
   WorkDir=/workspace/junmiaoh/experiments/precision-mlps/mechanism-0365cd3-20260923/code
   StdErr=/workspace/junmiaoh/experiments/precision-mlps/mechanism-0365cd3-20260923/logs/persistence-physical-1308.log
   StdIn=/dev/null
   StdOut=/workspace/junmiaoh/experiments/precision-mlps/mechanism-0365cd3-20260923/logs/persistence-physical-1308.log
   Power=
   TresPerNode=gres:gpu:1
   

StepId=1308.0 UserId=1003 StartTime=2026-09-23T19:39:20 TimeLimit=UNLIMITED
   State=RUNNING Partition=gpu NodeList=1212ac4ba094
   Nodes=1 CPUs=4 Tasks=1 Name=bash Network=(null)
   TRES=cpu=4,gres/gpu=1,mem=32G,node=1
   ResvPorts=(null)
   CPUFreqReq=Default Dist=Cyclic
   SrunHost:Pid=1212ac4ba094:2560395
   TresPerNode=gres:gpu:1

{"horizon": 0, "failed": 0, "elapsed_seconds": 2.122647221200168}
{"horizon": 1, "failed": 0, "elapsed_seconds": 2.742489203810692}
{"horizon": 2, "failed": 0, "elapsed_seconds": 2.7872955352067947}
{"horizon": 10, "failed": 0, "elapsed_seconds": 2.8337627220898867}
{"horizon": 100, "failed": 0, "elapsed_seconds": 2.915050832554698}
{"horizon": 1000, "failed": 0, "elapsed_seconds": 3.4097739765420556}
{"horizon": 10000, "failed": 0, "elapsed_seconds": 7.9987886333838105}
{"horizon": 20000, "failed": 0, "elapsed_seconds": 13.08337383903563}
JobId=1308 JobName=d34-persist-physical
   UserId=junmiaoh(1003) GroupId=junmiaoh(1006) MCS_label=N/A
   Priority=4294900788 Nice=0 Account=lab QOS=lab-gpu2
   JobState=RUNNING Reason=None Dependency=(null)
   Requeue=1 Restarts=0 BatchFlag=1 Reboot=0 ExitCode=0:0
   RunTime=00:00:53 TimeLimit=00:20:00 TimeMin=N/A
   SubmitTime=2026-09-23T19:38:10 EligibleTime=2026-09-23T19:39:20
   AccrueTime=Unknown
   StartTime=2026-09-23T19:39:20 EndTime=2026-09-23T19:59:20 Deadline=N/A
   SuspendTime=None SecsPreSuspend=0 LastSchedEval=2026-09-23T19:39:20 Scheduler=Main
   Partition=gpu AllocNode:Sid=1212ac4ba094:2559641
   ReqNodeList=(null) ExcNodeList=(null)
   NodeList=1212ac4ba094
   BatchHost=1212ac4ba094
   NumNodes=1 NumCPUs=4 NumTasks=1 CPUs/Task=4 ReqB:S:C:T=0:0:*:*
   TRES=cpu=4,mem=32G,node=1,billing=4,gres/gpu=1
   Socks/Node=* NtasksPerN:B:S:C=0:0:*:* CoreSpec=*
   MinCPUsNode=4 MinMemoryNode=32G MinTmpDiskNode=0
   Features=(null) DelayBoot=00:00:00
   OverSubscribe=OK Contiguous=0 Licenses=(null) Network=(null)
   Command=(null)
   WorkDir=/workspace/junmiaoh/experiments/precision-mlps/mechanism-0365cd3-20260923/code
   StdErr=/workspace/junmiaoh/experiments/precision-mlps/mechanism-0365cd3-20260923/logs/persistence-physical-1308.log
   StdIn=/dev/null
   StdOut=/workspace/junmiaoh/experiments/precision-mlps/mechanism-0365cd3-20260923/logs/persistence-physical-1308.log
   Power=
   TresPerNode=gres:gpu:1
   

StepId=1308.0 UserId=1003 StartTime=2026-09-23T19:39:20 TimeLimit=UNLIMITED
   State=RUNNING Partition=gpu NodeList=1212ac4ba094
   Nodes=1 CPUs=4 Tasks=1 Name=bash Network=(null)
   TRES=cpu=4,gres/gpu=1,mem=32G,node=1
   ResvPorts=(null)
   CPUFreqReq=Default Dist=Cyclic
   SrunHost:Pid=1212ac4ba094:2560395
   TresPerNode=gres:gpu:1

{"horizon": 0, "failed": 0, "elapsed_seconds": 1.964699831791222}
{"horizon": 1, "failed": 0, "elapsed_seconds": 2.479687058366835}
{"horizon": 2, "failed": 0, "elapsed_seconds": 2.4947354523465037}
{"horizon": 10, "failed": 0, "elapsed_seconds": 2.511346881277859}
{"horizon": 100, "failed": 0, "elapsed_seconds": 2.5498931277543306}
{"horizon": 1000, "failed": 0, "elapsed_seconds": 2.80849979352206}
{"horizon": 10000, "failed": 0, "elapsed_seconds": 5.2194450115785}
{"horizon": 20000, "failed": 0, "elapsed_seconds": 7.878700725734234}
