JobId=1306 JobName=d34-persist-feedback
   UserId=junmiaoh(1003) GroupId=junmiaoh(1006) MCS_label=N/A
   Priority=4294900790 Nice=0 Account=lab QOS=lab-gpu2
   JobState=RUNNING Reason=None Dependency=(null)
   Requeue=1 Restarts=0 BatchFlag=1 Reboot=0 ExitCode=0:0
   RunTime=00:00:02 TimeLimit=00:30:00 TimeMin=N/A
   SubmitTime=2026-09-23T19:35:07 EligibleTime=2026-09-23T19:35:07
   AccrueTime=2026-09-23T19:35:07
   StartTime=2026-09-23T19:35:08 EndTime=2026-09-23T20:05:08 Deadline=N/A
   SuspendTime=None SecsPreSuspend=0 LastSchedEval=2026-09-23T19:35:08 Scheduler=Main
   Partition=gpu AllocNode:Sid=1212ac4ba094:2553689
   ReqNodeList=(null) ExcNodeList=(null)
   NodeList=1212ac4ba094
   BatchHost=1212ac4ba094
   NumNodes=1 NumCPUs=4 NumTasks=1 CPUs/Task=4 ReqB:S:C:T=0:0:*:*
   TRES=cpu=4,mem=32G,node=1,billing=4,gres/gpu=1
   Socks/Node=* NtasksPerN:B:S:C=0:0:*:* CoreSpec=*
   MinCPUsNode=4 MinMemoryNode=32G MinTmpDiskNode=0
   Features=(null) DelayBoot=00:00:00
   OverSubscribe=OK Contiguous=0 Licenses=(null) Network=(null)
   Command=(null)
   WorkDir=/workspace/junmiaoh/experiments/precision-mlps/mechanism-0365cd3-20260923/code
   StdErr=/workspace/junmiaoh/experiments/precision-mlps/mechanism-0365cd3-20260923/logs/persistence-feedback-1306.log
   StdIn=/dev/null
   StdOut=/workspace/junmiaoh/experiments/precision-mlps/mechanism-0365cd3-20260923/logs/persistence-feedback-1306.log
   Power=
   TresPerNode=gres:gpu:1
   

StepId=1306.0 UserId=1003 StartTime=2026-09-23T19:35:08 TimeLimit=UNLIMITED
   State=RUNNING Partition=gpu NodeList=1212ac4ba094
   Nodes=1 CPUs=4 Tasks=1 Name=bash Network=(null)
   TRES=cpu=4,gres/gpu=1,mem=32G,node=1
   ResvPorts=(null)
   CPUFreqReq=Default Dist=Cyclic
   SrunHost:Pid=1212ac4ba094:2553717
   TresPerNode=gres:gpu:1

{"horizon": 0, "failed": 0, "elapsed_seconds": 1.727071507833898}
{"horizon": 1, "failed": 0, "elapsed_seconds": 2.2410659370943904}
{"horizon": 2, "failed": 0, "elapsed_seconds": 2.2668614871799946}
{"horizon": 10, "failed": 0, "elapsed_seconds": 2.3178189853206277}
{"horizon": 100, "failed": 0, "elapsed_seconds": 2.3887376012280583}
{"horizon": 1000, "failed": 0, "elapsed_seconds": 2.9893327075988054}
{"horizon": 10000, "failed": 0, "elapsed_seconds": 7.368645362555981}
{"horizon": 20000, "failed": 0, "elapsed_seconds": 11.982813506387174}
JobId=1306 JobName=d34-persist-feedback
   UserId=junmiaoh(1003) GroupId=junmiaoh(1006) MCS_label=N/A
   Priority=4294900790 Nice=0 Account=lab QOS=lab-gpu2
   JobState=RUNNING Reason=None Dependency=(null)
   Requeue=1 Restarts=0 BatchFlag=1 Reboot=0 ExitCode=0:0
   RunTime=00:00:19 TimeLimit=00:30:00 TimeMin=N/A
   SubmitTime=2026-09-23T19:35:07 EligibleTime=2026-09-23T19:35:07
   AccrueTime=2026-09-23T19:35:07
   StartTime=2026-09-23T19:35:08 EndTime=2026-09-23T20:05:08 Deadline=N/A
   SuspendTime=None SecsPreSuspend=0 LastSchedEval=2026-09-23T19:35:08 Scheduler=Main
   Partition=gpu AllocNode:Sid=1212ac4ba094:2553689
   ReqNodeList=(null) ExcNodeList=(null)
   NodeList=1212ac4ba094
   BatchHost=1212ac4ba094
   NumNodes=1 NumCPUs=4 NumTasks=1 CPUs/Task=4 ReqB:S:C:T=0:0:*:*
   TRES=cpu=4,mem=32G,node=1,billing=4,gres/gpu=1
   Socks/Node=* NtasksPerN:B:S:C=0:0:*:* CoreSpec=*
   MinCPUsNode=4 MinMemoryNode=32G MinTmpDiskNode=0
   Features=(null) DelayBoot=00:00:00
   OverSubscribe=OK Contiguous=0 Licenses=(null) Network=(null)
   Command=(null)
   WorkDir=/workspace/junmiaoh/experiments/precision-mlps/mechanism-0365cd3-20260923/code
   StdErr=/workspace/junmiaoh/experiments/precision-mlps/mechanism-0365cd3-20260923/logs/persistence-feedback-1306.log
   StdIn=/dev/null
   StdOut=/workspace/junmiaoh/experiments/precision-mlps/mechanism-0365cd3-20260923/logs/persistence-feedback-1306.log
   Power=
   TresPerNode=gres:gpu:1
   

StepId=1306.0 UserId=1003 StartTime=2026-09-23T19:35:08 TimeLimit=UNLIMITED
   State=RUNNING Partition=gpu NodeList=1212ac4ba094
   Nodes=1 CPUs=4 Tasks=1 Name=bash Network=(null)
   TRES=cpu=4,gres/gpu=1,mem=32G,node=1
   ResvPorts=(null)
   CPUFreqReq=Default Dist=Cyclic
   SrunHost:Pid=1212ac4ba094:2553717
   TresPerNode=gres:gpu:1

{"horizon": 0, "failed": 0, "elapsed_seconds": 1.8247060747817159}
{"horizon": 1, "failed": 0, "elapsed_seconds": 2.3650854844599962}
{"horizon": 2, "failed": 0, "elapsed_seconds": 2.4612840060144663}
{"horizon": 10, "failed": 0, "elapsed_seconds": 2.5765473591163754}
{"horizon": 100, "failed": 0, "elapsed_seconds": 2.814447005279362}
{"horizon": 1000, "failed": 0, "elapsed_seconds": 4.163992309011519}
{"horizon": 10000, "failed": 0, "elapsed_seconds": 17.029835691675544}
{"horizon": 20000, "failed": 0, "elapsed_seconds": 30.985655927099288}
JobId=1306 JobName=d34-persist-feedback
   UserId=junmiaoh(1003) GroupId=junmiaoh(1006) MCS_label=N/A
   Priority=4294900790 Nice=0 Account=lab QOS=lab-gpu2
   JobState=RUNNING Reason=None Dependency=(null)
   Requeue=1 Restarts=0 BatchFlag=1 Reboot=0 ExitCode=0:0
   RunTime=00:00:55 TimeLimit=00:30:00 TimeMin=N/A
   SubmitTime=2026-09-23T19:35:07 EligibleTime=2026-09-23T19:35:07
   AccrueTime=2026-09-23T19:35:07
   StartTime=2026-09-23T19:35:08 EndTime=2026-09-23T20:05:08 Deadline=N/A
   SuspendTime=None SecsPreSuspend=0 LastSchedEval=2026-09-23T19:35:08 Scheduler=Main
   Partition=gpu AllocNode:Sid=1212ac4ba094:2553689
   ReqNodeList=(null) ExcNodeList=(null)
   NodeList=1212ac4ba094
   BatchHost=1212ac4ba094
   NumNodes=1 NumCPUs=4 NumTasks=1 CPUs/Task=4 ReqB:S:C:T=0:0:*:*
   TRES=cpu=4,mem=32G,node=1,billing=4,gres/gpu=1
   Socks/Node=* NtasksPerN:B:S:C=0:0:*:* CoreSpec=*
   MinCPUsNode=4 MinMemoryNode=32G MinTmpDiskNode=0
   Features=(null) DelayBoot=00:00:00
   OverSubscribe=OK Contiguous=0 Licenses=(null) Network=(null)
   Command=(null)
   WorkDir=/workspace/junmiaoh/experiments/precision-mlps/mechanism-0365cd3-20260923/code
   StdErr=/workspace/junmiaoh/experiments/precision-mlps/mechanism-0365cd3-20260923/logs/persistence-feedback-1306.log
   StdIn=/dev/null
   StdOut=/workspace/junmiaoh/experiments/precision-mlps/mechanism-0365cd3-20260923/logs/persistence-feedback-1306.log
   Power=
   TresPerNode=gres:gpu:1
   

StepId=1306.0 UserId=1003 StartTime=2026-09-23T19:35:08 TimeLimit=UNLIMITED
   State=RUNNING Partition=gpu NodeList=1212ac4ba094
   Nodes=1 CPUs=4 Tasks=1 Name=bash Network=(null)
   TRES=cpu=4,gres/gpu=1,mem=32G,node=1
   ResvPorts=(null)
   CPUFreqReq=Default Dist=Cyclic
   SrunHost:Pid=1212ac4ba094:2553717
   TresPerNode=gres:gpu:1

{"horizon": 0, "failed": 0, "elapsed_seconds": 1.7898219944909215}
{"horizon": 1, "failed": 0, "elapsed_seconds": 2.4181440100073814}
{"horizon": 2, "failed": 0, "elapsed_seconds": 2.6452443534508348}
{"horizon": 10, "failed": 0, "elapsed_seconds": 2.899107121862471}
{"horizon": 100, "failed": 0, "elapsed_seconds": 3.3641293849796057}
{"horizon": 1000, "failed": 0, "elapsed_seconds": 5.869677959941328}
{"horizon": 10000, "failed": 0, "elapsed_seconds": 28.582699011079967}
{"horizon": 20000, "failed": 0, "elapsed_seconds": 53.829883874394}
JobId=1306 JobName=d34-persist-feedback
   UserId=junmiaoh(1003) GroupId=junmiaoh(1006) MCS_label=N/A
   Priority=4294900790 Nice=0 Account=lab QOS=lab-gpu2
   JobState=RUNNING Reason=None Dependency=(null)
   Requeue=1 Restarts=0 BatchFlag=1 Reboot=0 ExitCode=0:0
   RunTime=00:01:54 TimeLimit=00:30:00 TimeMin=N/A
   SubmitTime=2026-09-23T19:35:07 EligibleTime=2026-09-23T19:35:07
   AccrueTime=2026-09-23T19:35:07
   StartTime=2026-09-23T19:35:08 EndTime=2026-09-23T20:05:08 Deadline=N/A
   SuspendTime=None SecsPreSuspend=0 LastSchedEval=2026-09-23T19:35:08 Scheduler=Main
   Partition=gpu AllocNode:Sid=1212ac4ba094:2553689
   ReqNodeList=(null) ExcNodeList=(null)
   NodeList=1212ac4ba094
   BatchHost=1212ac4ba094
   NumNodes=1 NumCPUs=4 NumTasks=1 CPUs/Task=4 ReqB:S:C:T=0:0:*:*
   TRES=cpu=4,mem=32G,node=1,billing=4,gres/gpu=1
   Socks/Node=* NtasksPerN:B:S:C=0:0:*:* CoreSpec=*
   MinCPUsNode=4 MinMemoryNode=32G MinTmpDiskNode=0
   Features=(null) DelayBoot=00:00:00
   OverSubscribe=OK Contiguous=0 Licenses=(null) Network=(null)
   Command=(null)
   WorkDir=/workspace/junmiaoh/experiments/precision-mlps/mechanism-0365cd3-20260923/code
   StdErr=/workspace/junmiaoh/experiments/precision-mlps/mechanism-0365cd3-20260923/logs/persistence-feedback-1306.log
   StdIn=/dev/null
   StdOut=/workspace/junmiaoh/experiments/precision-mlps/mechanism-0365cd3-20260923/logs/persistence-feedback-1306.log
   Power=
   TresPerNode=gres:gpu:1
   

StepId=1306.0 UserId=1003 StartTime=2026-09-23T19:35:08 TimeLimit=UNLIMITED
   State=RUNNING Partition=gpu NodeList=1212ac4ba094
   Nodes=1 CPUs=4 Tasks=1 Name=bash Network=(null)
   TRES=cpu=4,gres/gpu=1,mem=32G,node=1
   ResvPorts=(null)
   CPUFreqReq=Default Dist=Cyclic
   SrunHost:Pid=1212ac4ba094:2553717
   TresPerNode=gres:gpu:1

{"horizon": 0, "failed": 0, "elapsed_seconds": 1.6146356463432312}
{"horizon": 1, "failed": 0, "elapsed_seconds": 2.08893265388906}
{"horizon": 2, "failed": 0, "elapsed_seconds": 2.1024806471541524}
{"horizon": 10, "failed": 0, "elapsed_seconds": 2.119359167292714}
{"horizon": 100, "failed": 0, "elapsed_seconds": 2.157397350296378}
{"horizon": 1000, "failed": 0, "elapsed_seconds": 2.3969540409743786}
{"horizon": 10000, "failed": 0, "elapsed_seconds": 4.656802802346647}
{"horizon": 20000, "failed": 0, "elapsed_seconds": 7.15058464743197}
JobId=1306 JobName=d34-persist-feedback
   UserId=junmiaoh(1003) GroupId=junmiaoh(1006) MCS_label=N/A
   Priority=4294900790 Nice=0 Account=lab QOS=lab-gpu2
   JobState=RUNNING Reason=None Dependency=(null)
   Requeue=1 Restarts=0 BatchFlag=1 Reboot=0 ExitCode=0:0
   RunTime=00:02:06 TimeLimit=00:30:00 TimeMin=N/A
   SubmitTime=2026-09-23T19:35:07 EligibleTime=2026-09-23T19:35:07
   AccrueTime=2026-09-23T19:35:07
   StartTime=2026-09-23T19:35:08 EndTime=2026-09-23T20:05:08 Deadline=N/A
   SuspendTime=None SecsPreSuspend=0 LastSchedEval=2026-09-23T19:35:08 Scheduler=Main
   Partition=gpu AllocNode:Sid=1212ac4ba094:2553689
   ReqNodeList=(null) ExcNodeList=(null)
   NodeList=1212ac4ba094
   BatchHost=1212ac4ba094
   NumNodes=1 NumCPUs=4 NumTasks=1 CPUs/Task=4 ReqB:S:C:T=0:0:*:*
   TRES=cpu=4,mem=32G,node=1,billing=4,gres/gpu=1
   Socks/Node=* NtasksPerN:B:S:C=0:0:*:* CoreSpec=*
   MinCPUsNode=4 MinMemoryNode=32G MinTmpDiskNode=0
   Features=(null) DelayBoot=00:00:00
   OverSubscribe=OK Contiguous=0 Licenses=(null) Network=(null)
   Command=(null)
   WorkDir=/workspace/junmiaoh/experiments/precision-mlps/mechanism-0365cd3-20260923/code
   StdErr=/workspace/junmiaoh/experiments/precision-mlps/mechanism-0365cd3-20260923/logs/persistence-feedback-1306.log
   StdIn=/dev/null
   StdOut=/workspace/junmiaoh/experiments/precision-mlps/mechanism-0365cd3-20260923/logs/persistence-feedback-1306.log
   Power=
   TresPerNode=gres:gpu:1
   

StepId=1306.0 UserId=1003 StartTime=2026-09-23T19:35:08 TimeLimit=UNLIMITED
   State=RUNNING Partition=gpu NodeList=1212ac4ba094
   Nodes=1 CPUs=4 Tasks=1 Name=bash Network=(null)
   TRES=cpu=4,gres/gpu=1,mem=32G,node=1
   ResvPorts=(null)
   CPUFreqReq=Default Dist=Cyclic
   SrunHost:Pid=1212ac4ba094:2553717
   TresPerNode=gres:gpu:1

{"horizon": 0, "failed": 0, "elapsed_seconds": 1.654081929475069}
{"horizon": 1, "failed": 0, "elapsed_seconds": 2.1199927758425474}
{"horizon": 2, "failed": 0, "elapsed_seconds": 2.158467585220933}
{"horizon": 10, "failed": 0, "elapsed_seconds": 2.1975314067676663}
{"horizon": 100, "failed": 0, "elapsed_seconds": 2.2681323271244764}
{"horizon": 1000, "failed": 0, "elapsed_seconds": 2.719683339819312}
{"horizon": 10000, "failed": 0, "elapsed_seconds": 6.942744057625532}
{"horizon": 20000, "failed": 0, "elapsed_seconds": 11.601913738064468}
JobId=1306 JobName=d34-persist-feedback
   UserId=junmiaoh(1003) GroupId=junmiaoh(1006) MCS_label=N/A
   Priority=4294900790 Nice=0 Account=lab QOS=lab-gpu2
   JobState=RUNNING Reason=None Dependency=(null)
   Requeue=1 Restarts=0 BatchFlag=1 Reboot=0 ExitCode=0:0
   RunTime=00:02:22 TimeLimit=00:30:00 TimeMin=N/A
   SubmitTime=2026-09-23T19:35:07 EligibleTime=2026-09-23T19:35:07
   AccrueTime=2026-09-23T19:35:07
   StartTime=2026-09-23T19:35:08 EndTime=2026-09-23T20:05:08 Deadline=N/A
   SuspendTime=None SecsPreSuspend=0 LastSchedEval=2026-09-23T19:35:08 Scheduler=Main
   Partition=gpu AllocNode:Sid=1212ac4ba094:2553689
   ReqNodeList=(null) ExcNodeList=(null)
   NodeList=1212ac4ba094
   BatchHost=1212ac4ba094
   NumNodes=1 NumCPUs=4 NumTasks=1 CPUs/Task=4 ReqB:S:C:T=0:0:*:*
   TRES=cpu=4,mem=32G,node=1,billing=4,gres/gpu=1
   Socks/Node=* NtasksPerN:B:S:C=0:0:*:* CoreSpec=*
   MinCPUsNode=4 MinMemoryNode=32G MinTmpDiskNode=0
   Features=(null) DelayBoot=00:00:00
   OverSubscribe=OK Contiguous=0 Licenses=(null) Network=(null)
   Command=(null)
   WorkDir=/workspace/junmiaoh/experiments/precision-mlps/mechanism-0365cd3-20260923/code
   StdErr=/workspace/junmiaoh/experiments/precision-mlps/mechanism-0365cd3-20260923/logs/persistence-feedback-1306.log
   StdIn=/dev/null
   StdOut=/workspace/junmiaoh/experiments/precision-mlps/mechanism-0365cd3-20260923/logs/persistence-feedback-1306.log
   Power=
   TresPerNode=gres:gpu:1
   

StepId=1306.0 UserId=1003 StartTime=2026-09-23T19:35:08 TimeLimit=UNLIMITED
   State=RUNNING Partition=gpu NodeList=1212ac4ba094
   Nodes=1 CPUs=4 Tasks=1 Name=bash Network=(null)
   TRES=cpu=4,gres/gpu=1,mem=32G,node=1
   ResvPorts=(null)
   CPUFreqReq=Default Dist=Cyclic
   SrunHost:Pid=1212ac4ba094:2553717
   TresPerNode=gres:gpu:1

{"horizon": 0, "failed": 0, "elapsed_seconds": 1.623926293104887}
{"horizon": 1, "failed": 0, "elapsed_seconds": 2.1724112164229155}
{"horizon": 2, "failed": 0, "elapsed_seconds": 2.269040772691369}
{"horizon": 10, "failed": 0, "elapsed_seconds": 2.383432824164629}
{"horizon": 100, "failed": 0, "elapsed_seconds": 2.6181362150236964}
{"horizon": 1000, "failed": 0, "elapsed_seconds": 3.979345086030662}
{"horizon": 10000, "failed": 0, "elapsed_seconds": 16.437965152785182}
{"horizon": 20000, "failed": 0, "elapsed_seconds": 30.25904058292508}
JobId=1306 JobName=d34-persist-feedback
   UserId=junmiaoh(1003) GroupId=junmiaoh(1006) MCS_label=N/A
   Priority=4294900790 Nice=0 Account=lab QOS=lab-gpu2
   JobState=RUNNING Reason=None Dependency=(null)
   Requeue=1 Restarts=0 BatchFlag=1 Reboot=0 ExitCode=0:0
   RunTime=00:02:57 TimeLimit=00:30:00 TimeMin=N/A
   SubmitTime=2026-09-23T19:35:07 EligibleTime=2026-09-23T19:35:07
   AccrueTime=2026-09-23T19:35:07
   StartTime=2026-09-23T19:35:08 EndTime=2026-09-23T20:05:08 Deadline=N/A
   SuspendTime=None SecsPreSuspend=0 LastSchedEval=2026-09-23T19:35:08 Scheduler=Main
   Partition=gpu AllocNode:Sid=1212ac4ba094:2553689
   ReqNodeList=(null) ExcNodeList=(null)
   NodeList=1212ac4ba094
   BatchHost=1212ac4ba094
   NumNodes=1 NumCPUs=4 NumTasks=1 CPUs/Task=4 ReqB:S:C:T=0:0:*:*
   TRES=cpu=4,mem=32G,node=1,billing=4,gres/gpu=1
   Socks/Node=* NtasksPerN:B:S:C=0:0:*:* CoreSpec=*
   MinCPUsNode=4 MinMemoryNode=32G MinTmpDiskNode=0
   Features=(null) DelayBoot=00:00:00
   OverSubscribe=OK Contiguous=0 Licenses=(null) Network=(null)
   Command=(null)
   WorkDir=/workspace/junmiaoh/experiments/precision-mlps/mechanism-0365cd3-20260923/code
   StdErr=/workspace/junmiaoh/experiments/precision-mlps/mechanism-0365cd3-20260923/logs/persistence-feedback-1306.log
   StdIn=/dev/null
   StdOut=/workspace/junmiaoh/experiments/precision-mlps/mechanism-0365cd3-20260923/logs/persistence-feedback-1306.log
   Power=
   TresPerNode=gres:gpu:1
   

StepId=1306.0 UserId=1003 StartTime=2026-09-23T19:35:08 TimeLimit=UNLIMITED
   State=RUNNING Partition=gpu NodeList=1212ac4ba094
   Nodes=1 CPUs=4 Tasks=1 Name=bash Network=(null)
   TRES=cpu=4,gres/gpu=1,mem=32G,node=1
   ResvPorts=(null)
   CPUFreqReq=Default Dist=Cyclic
   SrunHost:Pid=1212ac4ba094:2553717
   TresPerNode=gres:gpu:1

{"horizon": 0, "failed": 0, "elapsed_seconds": 1.7190597373992205}
{"horizon": 1, "failed": 0, "elapsed_seconds": 2.3521098708733916}
{"horizon": 2, "failed": 0, "elapsed_seconds": 2.5778354424983263}
{"horizon": 10, "failed": 0, "elapsed_seconds": 2.8307879017665982}
{"horizon": 100, "failed": 0, "elapsed_seconds": 3.2981315003708005}
{"horizon": 1000, "failed": 0, "elapsed_seconds": 5.794470203109086}
{"horizon": 10000, "failed": 0, "elapsed_seconds": 28.473963632248342}
{"horizon": 20000, "failed": 0, "elapsed_seconds": 53.72302285954356}
JobId=1306 JobName=d34-persist-feedback
   UserId=junmiaoh(1003) GroupId=junmiaoh(1006) MCS_label=N/A
   Priority=4294900790 Nice=0 Account=lab QOS=lab-gpu2
   JobState=RUNNING Reason=None Dependency=(null)
   Requeue=1 Restarts=0 BatchFlag=1 Reboot=0 ExitCode=0:0
   RunTime=00:03:57 TimeLimit=00:30:00 TimeMin=N/A
   SubmitTime=2026-09-23T19:35:07 EligibleTime=2026-09-23T19:35:07
   AccrueTime=2026-09-23T19:35:07
   StartTime=2026-09-23T19:35:08 EndTime=2026-09-23T20:05:08 Deadline=N/A
   SuspendTime=None SecsPreSuspend=0 LastSchedEval=2026-09-23T19:35:08 Scheduler=Main
   Partition=gpu AllocNode:Sid=1212ac4ba094:2553689
   ReqNodeList=(null) ExcNodeList=(null)
   NodeList=1212ac4ba094
   BatchHost=1212ac4ba094
   NumNodes=1 NumCPUs=4 NumTasks=1 CPUs/Task=4 ReqB:S:C:T=0:0:*:*
   TRES=cpu=4,mem=32G,node=1,billing=4,gres/gpu=1
   Socks/Node=* NtasksPerN:B:S:C=0:0:*:* CoreSpec=*
   MinCPUsNode=4 MinMemoryNode=32G MinTmpDiskNode=0
   Features=(null) DelayBoot=00:00:00
   OverSubscribe=OK Contiguous=0 Licenses=(null) Network=(null)
   Command=(null)
   WorkDir=/workspace/junmiaoh/experiments/precision-mlps/mechanism-0365cd3-20260923/code
   StdErr=/workspace/junmiaoh/experiments/precision-mlps/mechanism-0365cd3-20260923/logs/persistence-feedback-1306.log
   StdIn=/dev/null
   StdOut=/workspace/junmiaoh/experiments/precision-mlps/mechanism-0365cd3-20260923/logs/persistence-feedback-1306.log
   Power=
   TresPerNode=gres:gpu:1
   

StepId=1306.0 UserId=1003 StartTime=2026-09-23T19:35:08 TimeLimit=UNLIMITED
   State=RUNNING Partition=gpu NodeList=1212ac4ba094
   Nodes=1 CPUs=4 Tasks=1 Name=bash Network=(null)
   TRES=cpu=4,gres/gpu=1,mem=32G,node=1
   ResvPorts=(null)
   CPUFreqReq=Default Dist=Cyclic
   SrunHost:Pid=1212ac4ba094:2553717
   TresPerNode=gres:gpu:1

{"horizon": 0, "failed": 0, "elapsed_seconds": 1.905397517606616}
{"horizon": 1, "failed": 0, "elapsed_seconds": 2.4004994183778763}
{"horizon": 2, "failed": 0, "elapsed_seconds": 2.4141161367297173}
{"horizon": 10, "failed": 0, "elapsed_seconds": 2.4295065067708492}
{"horizon": 100, "failed": 0, "elapsed_seconds": 2.4649205096066}
{"horizon": 1000, "failed": 0, "elapsed_seconds": 2.701584653928876}
{"horizon": 10000, "failed": 0, "elapsed_seconds": 4.988364988937974}
{"horizon": 20000, "failed": 0, "elapsed_seconds": 7.515726998448372}
