{
  "status": "Retrospective diagnostic only; factor2 was selected after viewing outcomes; sampled speed ratios are not an all-step bound; the tracking travel is observed, not a proved allowance.",
  "cases": 40,
  "max_sampled_one_sided_multiplier": 1.476259660369147,
  "multiplier2_covers_sampled": 40,
  "multiplier2_covers_observed_force_travel": 40,
  "minimum_single_neuron_multiplier_margin": 6.186526770507146,
  "max_conditional_ever_fraction": 0.0005912276006077289,
  "interpretation": "Candidate population allowances become theorems only after regional one-sided amplification, tracking, and first-exit hypotheses are proved.",
  "groups": [
    {
      "panel": "feedback_confirmation_N1024",
      "max_sampled_multiplier": 1.0034295137510454,
      "minimum_single_neuron_multiplier_margin": 4063.659118005624
    },
    {
      "panel": "feedback_confirmation_N128",
      "max_sampled_multiplier": 1.476259660369147,
      "minimum_single_neuron_multiplier_margin": 32.6957159603836
    },
    {
      "panel": "feedback_confirmation_N512",
      "max_sampled_multiplier": 1.01655506019202,
      "minimum_single_neuron_multiplier_margin": 969.7154452973372
    },
    {
      "panel": "feedback_confirmation_late",
      "max_sampled_multiplier": 1.0282848506915292,
      "minimum_single_neuron_multiplier_margin": 43.847124831547156
    },
    {
      "panel": "feedback_development_N1024",
      "max_sampled_multiplier": 1.0031681804092594,
      "minimum_single_neuron_multiplier_margin": 4164.546226691047
    },
    {
      "panel": "feedback_development_N128",
      "max_sampled_multiplier": 1.374520121973937,
      "minimum_single_neuron_multiplier_margin": 35.40359002147553
    },
    {
      "panel": "feedback_development_N512",
      "max_sampled_multiplier": 1.013251176512718,
      "minimum_single_neuron_multiplier_margin": 945.2995352684881
    },
    {
      "panel": "feedback_development_late",
      "max_sampled_multiplier": 1.0000035231294102,
      "minimum_single_neuron_multiplier_margin": 6.186526770507146
    }
  ]
}
