
=== qi1d128 d=270 r=144 floor=1.46e-14 iters=376
  c=  0 fp64 : 6.45e-06 @ 376  (  0.2s)
  c=  0 mixed: 6.45e-06 @ 376  (  2.4s)
  c=  0 dd   : 5.04e-07 @ 376  (  9.0s)
  c= 16 fp64 : 2.46e-06 @ 376  (  0.2s)
  c= 16 mixed: 2.46e-06 @ 376  (  9.8s)
  c= 16 dd   : 2.10e-07 @ 376  ( 16.5s)
  c= 32 fp64 : 5.07e-07 @ 376  (  0.2s)
  c= 32 mixed: 5.38e-07 @ 376  ( 17.0s)
  c= 32 dd   : 7.55e-08 @ 376  ( 24.0s)
  c= 64 fp64 : 1.54e-08 @ 376  (  0.1s)
  c= 64 mixed: 1.48e-08 @ 376  ( 30.4s)
  c= 64 dd   : 3.26e-09 @ 376  ( 37.4s)

=== twinU512 d=512 r=307 floor=3.13e-15 iters=735
  c=  0 fp64 : 1.56e-04 @ 735  (  0.5s)
  c=  0 mixed: 1.53e-04 @ 735  (  4.9s)
  c=  0 dd   : 2.38e-05 @ 735  ( 29.1s)
  c= 16 fp64 : 1.24e-04 @ 735  (  0.8s)
  c= 16 mixed: 1.25e-04 @ 730  ( 33.2s)
  c= 16 dd   : 2.28e-05 @ 735  ( 59.5s)
  c= 32 fp64 : 7.01e-05 @ 730  (  0.5s)
  c= 32 mixed: 7.16e-05 @ 735  ( 60.4s)
  c= 32 dd   : 1.15e-05 @ 730  ( 82.9s)
  c= 64 fp64 : 5.47e-06 @ 730  (  0.1s)
  c= 64 mixed: 5.47e-06 @ 735  (118.9s)
  c= 64 dd   : 1.28e-06 @ 735  (135.6s)
