
qi1d256 d=462 r=274 floor=1.61e-14 kappa=8.9e+14
  k=   0 c=   0 state=   0d kappa_op=8.9e+14 best=7.21e-06 @902
  k=   0 c=  64 state=  64d kappa_op=8.9e+14 best=3.52e-07 @902
  k=   0 c= 128 state= 128d kappa_op=8.9e+14 best=7.86e-09 @902
  k=   0 c= 256 state= 256d kappa_op=8.9e+14 best=1.14e-15 @700
  k= 128 c=   0 state= 128d kappa_op=1.0e+14 best=1.75e-14 @490
  k= 128 c=  64 state= 192d kappa_op=1.0e+14 best=1.73e-14 @60
  k= 128 c= 128 state= 256d kappa_op=1.0e+14 best=1.73e-14 @60
  k= 128 c= 256 state= 384d kappa_op=1.0e+14 best=1.73e-14 @60

qi1d512 d=922 r=527 floor=3.52e-14 kappa=3.8e+14
  k=   0 c=   0 state=   0d kappa_op=3.8e+14 best=6.23e-06 @1661
  k=   0 c=  64 state=  64d kappa_op=3.8e+14 best=9.82e-07 @1661
  k=   0 c= 128 state= 128d kappa_op=3.8e+14 best=1.80e-07 @1661
  k=   0 c= 256 state= 256d kappa_op=3.8e+14 best=3.25e-09 @1660
  k= 128 c=   0 state= 128d kappa_op=7.1e+16 best=2.06e-13 @890
  k= 128 c=  64 state= 192d kappa_op=7.1e+16 best=2.09e-13 @340
  k= 128 c= 128 state= 256d kappa_op=7.1e+16 best=2.09e-13 @110
  k= 128 c= 256 state= 384d kappa_op=7.1e+16 best=2.09e-13 @110

qi2d576 d=571 r=252 floor=3.83e-15 kappa=9.5e+14
  k=   0 c=   0 state=   0d kappa_op=9.5e+14 best=2.93e-08 @836
  k=   0 c=  64 state=  64d kappa_op=9.5e+14 best=1.32e-10 @836
  k=   0 c= 128 state= 128d kappa_op=9.5e+14 best=4.57e-13 @810
  k=   0 c= 256 state= 256d kappa_op=9.5e+14 best=2.65e-16 @640
  k= 128 c=   0 state= 128d kappa_op=2.0e+16 best=1.42e-09 @820
  k= 128 c=  64 state= 192d kappa_op=2.0e+16 best=1.43e-09 @830
  k= 128 c= 128 state= 256d kappa_op=2.0e+16 best=3.15e-10 @836
  k= 128 c= 256 state= 384d kappa_op=2.0e+16 best=6.86e-13 @830

qi2d1024 d=1021 r=378 floor=1.66e-15 kappa=8.3e+14
  k=   0 c=   0 state=   0d kappa_op=8.3e+14 best=3.16e-08 @1214
  k=   0 c=  64 state=  64d kappa_op=8.3e+14 best=2.65e-10 @1200
  k=   0 c= 128 state= 128d kappa_op=8.3e+14 best=3.93e-12 @1180
  k=   0 c= 256 state= 256d kappa_op=8.3e+14 best=2.92e-15 @1210
  k= 128 c=   0 state= 128d kappa_op=1.1e+17 best=2.28e-09 @1210
  k= 128 c=  64 state= 192d kappa_op=1.1e+17 best=2.28e-09 @1190
  k= 128 c= 128 state= 256d kappa_op=1.1e+17 best=1.03e-09 @1200
  k= 128 c= 256 state= 384d kappa_op=1.1e+17 best=1.13e-10 @1214

twinU1024 d=1024 r=614 floor=3.85e-15 kappa=1.0e+14
  k=   0 c=   0 state=   0d kappa_op=1.0e+14 best=1.25e-04 @1922
  k=   0 c=  64 state=  64d kappa_op=1.0e+14 best=4.14e-05 @1922
  k=   0 c= 128 state= 128d kappa_op=1.0e+14 best=3.64e-06 @1922
  k=   0 c= 256 state= 256d kappa_op=1.0e+14 best=1.52e-08 @1920
  k= 128 c=   0 state= 128d kappa_op=6.2e+15 best=9.71e-07 @1920
  k= 128 c=  64 state= 192d kappa_op=6.2e+15 best=9.51e-07 @1922
  k= 128 c= 128 state= 256d kappa_op=6.2e+15 best=4.80e-07 @1890
  k= 128 c= 256 state= 384d kappa_op=6.2e+15 best=5.07e-08 @1920

twinC1024 d=1024 r=1024 floor=5.58e-15 kappa=1.4e+12
  k=   0 c=   0 state=   0d kappa_op=1.4e+12 best=2.88e-05 @2600
  k=   0 c=  64 state=  64d kappa_op=1.4e+12 best=2.71e-05 @2600
  k=   0 c= 128 state= 128d kappa_op=1.4e+12 best=1.14e-05 @2580
  k=   0 c= 256 state= 256d kappa_op=1.4e+12 best=9.66e-07 @2600
  k= 128 c=   0 state= 128d kappa_op=9.1e+11 best=2.01e-05 @2600
  k= 128 c=  64 state= 192d kappa_op=9.1e+11 best=1.99e-05 @2600
  k= 128 c= 128 state= 256d kappa_op=9.1e+11 best=1.98e-05 @2600
  k= 128 c= 256 state= 384d kappa_op=9.1e+11 best=1.85e-05 @2600
