
==================================== ERRORS ====================================
____________ ERROR collecting tests/test_mechanism_adam_feedback.py ____________
../../.venv-feedback/lib/python3.12/site-packages/_pytest/python.py:498: in importtestmodule
    mod = import_path(
../../.venv-feedback/lib/python3.12/site-packages/_pytest/pathlib.py:587: in import_path
    importlib.import_module(module_name)
/home/junmiaoh/.local/share/uv/python/cpython-3.12.10-linux-x86_64-gnu/lib/python3.12/importlib/__init__.py:90: in import_module
    return _bootstrap._gcd_import(name[level:], package, level)
           ^^^^^^^^^^^^^^^^^^^^^^^^^^^^^^^^^^^^^^^^^^^^^^^^^^^^
<frozen importlib._bootstrap>:1387: in _gcd_import
    ???
<frozen importlib._bootstrap>:1360: in _find_and_load
    ???
<frozen importlib._bootstrap>:1331: in _find_and_load_unlocked
    ???
<frozen importlib._bootstrap>:935: in _load_unlocked
    ???
../../.venv-feedback/lib/python3.12/site-packages/_pytest/assertion/rewrite.py:186: in exec_module
    exec(co, module.__dict__)
tests/test_mechanism_adam_feedback.py:7: in <module>
    from experiments.expD34_readout_race import mechanism_adam_feedback as feedback
E     File "/workspace/junmiaoh/experiments/precision-mlps/mechanism-0365cd3-20260923/code/experiments/expD34_readout_race/mechanism_adam_feedback.py", line 170
E       next_phase='virtual_same_arm_update')))
E                                             ^
E   SyntaxError: unmatched ')'
=========================== short test summary info ============================
ERROR tests/test_mechanism_adam_feedback.py
!!!!!!!!!!!!!!!!!!!! Interrupted: 1 error during collection !!!!!!!!!!!!!!!!!!!!
1 error in 2.86s
