...............                                                          [100%]
15 passed in 6.53s
{"source": "/workspace/junmiaoh/experiments/precision-mlps/mechanism-0365cd3-20260923/evidence/inputs/development.npz", "static_rows": 23}
{"source": "/workspace/junmiaoh/experiments/precision-mlps/mechanism-0365cd3-20260923/evidence/inputs/confirmation.npz", "static_rows": 46}
{"source": "/workspace/junmiaoh/experiments/precision-mlps/mechanism-0365cd3-20260923/evidence/width_inputs/N128_fork20000.npz", "static_rows": 58}
{"source": "/workspace/junmiaoh/experiments/precision-mlps/mechanism-0365cd3-20260923/evidence/width_inputs/N512_fork20000.npz", "static_rows": 70}
{"source": "/workspace/junmiaoh/experiments/precision-mlps/mechanism-0365cd3-20260923/evidence/width_inputs/N1024_fork20000.npz", "static_rows": 82}
{"source": "/workspace/junmiaoh/experiments/precision-mlps/mechanism-0365cd3-20260923/evidence/polynomial_confirmation/fork_inputs/N128.npz", "static_rows": 94}
{"source": "/workspace/junmiaoh/experiments/precision-mlps/mechanism-0365cd3-20260923/evidence/polynomial_confirmation/fork_inputs/N512.npz", "static_rows": 106}
{"source": "/workspace/junmiaoh/experiments/precision-mlps/mechanism-0365cd3-20260923/evidence/polynomial_confirmation/fork_inputs/N1024.npz", "static_rows": 118}
{"source": "/workspace/junmiaoh/experiments/precision-mlps/mechanism-0365cd3-20260923/evidence/population_coverage_inputs/fresh_all.npz", "static_rows": 183}
{"source": "/workspace/junmiaoh/experiments/precision-mlps/mechanism-0365cd3-20260923/evidence/population_coverage_inputs/heldout_all.npz", "static_rows": 223}
{"panel": "feedback_confirmation_N1024", "path_rows": 48}
{"panel": "feedback_confirmation_N128", "path_rows": 96}
{"panel": "feedback_confirmation_N512", "path_rows": 144}
{"panel": "feedback_confirmation_late", "path_rows": 160}
{"panel": "feedback_development_N1024", "path_rows": 208}
{"panel": "feedback_development_N128", "path_rows": 256}
{"panel": "feedback_development_N512", "path_rows": 304}
{"panel": "feedback_development_late", "path_rows": 320}
{"static_states": 223, "natural_cases": 40, "reduced_rows": 1280}
