{"target": "sine", "seed": 0, "best_factor": 1.0}
{"target": "runge", "seed": 0, "best_factor": 2.0}
{"target": "moment3", "seed": 0, "best_factor": 1.0}
{"target": "moment5", "seed": 0, "best_factor": 1.0}
{"target": "moment9", "seed": 0, "best_factor": 1.0}
{"target": "mixed_sine", "seed": 0, "best_factor": 2.0}
{"target": "localized_sine", "seed": 0, "best_factor": 2.0}
{"target": "chirp", "seed": 0, "best_factor": 16.0}
{"target": "moment4", "seed": 0, "best_factor": 1.0}
{"target": "blend_m010", "seed": 0, "best_factor": 16.0}
{"target": "blend_p001", "seed": 0, "best_factor": 1.0}
{"target": "blend_p010", "seed": 0, "best_factor": 8.0}
{"target": "blend_p030", "seed": 0, "best_factor": 1.0}
{"target": "sine", "seed": 1, "best_factor": 1.0}
{"target": "runge", "seed": 1, "best_factor": 1.0}
{"target": "moment3", "seed": 1, "best_factor": 1.0}
{"target": "moment5", "seed": 1, "best_factor": 1.0}
{"target": "moment9", "seed": 1, "best_factor": 1.0}
{"target": "mixed_sine", "seed": 1, "best_factor": 2.0}
{"target": "localized_sine", "seed": 1, "best_factor": 2.0}
{"target": "chirp", "seed": 1, "best_factor": 2.0}
{"target": "moment4", "seed": 1, "best_factor": 16.0}
{"target": "blend_m010", "seed": 1, "best_factor": 1.0}
{"target": "blend_p001", "seed": 1, "best_factor": 2.0}
{"target": "blend_p010", "seed": 1, "best_factor": 32.0}
{"target": "blend_p030", "seed": 1, "best_factor": 32.0}
{"target": "sine", "seed": 2, "best_factor": 1.0}
{"target": "runge", "seed": 2, "best_factor": 2.0}
{"target": "moment3", "seed": 2, "best_factor": 1.0}
{"target": "moment5", "seed": 2, "best_factor": 1.0}
{"target": "moment9", "seed": 2, "best_factor": 1.0}
{"target": "mixed_sine", "seed": 2, "best_factor": 2.0}
{"target": "localized_sine", "seed": 2, "best_factor": 2.0}
{"target": "chirp", "seed": 2, "best_factor": 1.0}
{"target": "moment4", "seed": 2, "best_factor": 16.0}
{"target": "blend_m010", "seed": 2, "best_factor": 1.0}
{"target": "blend_p001", "seed": 2, "best_factor": 2.0}
{"target": "blend_p010", "seed": 2, "best_factor": 32.0}
{"target": "blend_p030", "seed": 2, "best_factor": 1.0}
{"target": "sine", "seed": 3, "best_factor": 1.0}
{"target": "runge", "seed": 3, "best_factor": 1.0}
{"target": "moment3", "seed": 3, "best_factor": 0.5}
{"target": "moment5", "seed": 3, "best_factor": 1.0}
{"target": "moment9", "seed": 3, "best_factor": 1.0}
{"target": "mixed_sine", "seed": 3, "best_factor": 32.0}
{"target": "localized_sine", "seed": 3, "best_factor": 2.0}
{"target": "chirp", "seed": 3, "best_factor": 2.0}
{"target": "moment4", "seed": 3, "best_factor": 4.0}
{"target": "blend_m010", "seed": 3, "best_factor": 32.0}
{"target": "blend_p001", "seed": 3, "best_factor": 2.0}
{"target": "blend_p010", "seed": 3, "best_factor": 2.0}
{"target": "blend_p030", "seed": 3, "best_factor": 1.0}
{"target": "sine", "seed": 4, "best_factor": 1.0}
{"target": "runge", "seed": 4, "best_factor": 2.0}
{"target": "moment3", "seed": 4, "best_factor": 1.0}
{"target": "moment5", "seed": 4, "best_factor": 1.0}
{"target": "moment9", "seed": 4, "best_factor": 1.0}
{"target": "mixed_sine", "seed": 4, "best_factor": 2.0}
{"target": "localized_sine", "seed": 4, "best_factor": 8.0}
{"target": "chirp", "seed": 4, "best_factor": 16.0}
{"target": "moment4", "seed": 4, "best_factor": 4.0}
{"target": "blend_m010", "seed": 4, "best_factor": 32.0}
{"target": "blend_p001", "seed": 4, "best_factor": 2.0}
{"target": "blend_p010", "seed": 4, "best_factor": 1.0}
{"target": "blend_p030", "seed": 4, "best_factor": 2.0}
