{"cohort": "existing", "target": "sine", "family": "original", "seed": 0, "start": 100000, "done": 1, "total": 195, "seconds": 4.369100560434163}
{"cohort": "existing", "target": "runge", "family": "original", "seed": 0, "start": 100000, "done": 2, "total": 195, "seconds": 4.496496661566198}
{"cohort": "existing", "target": "moment3", "family": "original", "seed": 0, "start": 100000, "done": 3, "total": 195, "seconds": 4.63208878133446}
{"cohort": "existing", "target": "moment5", "family": "original", "seed": 0, "start": 100000, "done": 4, "total": 195, "seconds": 4.7826907858252525}
{"cohort": "existing", "target": "moment9", "family": "original", "seed": 0, "start": 100000, "done": 5, "total": 195, "seconds": 4.894639525562525}
{"cohort": "existing", "target": "mixed_sine", "family": "original", "seed": 0, "start": 100000, "done": 6, "total": 195, "seconds": 5.021699260920286}
{"cohort": "existing", "target": "localized_sine", "family": "original", "seed": 0, "start": 100000, "done": 7, "total": 195, "seconds": 5.131254048086703}
{"cohort": "existing", "target": "chirp", "family": "original", "seed": 0, "start": 100000, "done": 8, "total": 195, "seconds": 5.242420228198171}
{"cohort": "existing", "target": "moment4", "family": "original", "seed": 0, "start": 100000, "done": 9, "total": 195, "seconds": 5.352177803404629}
{"cohort": "existing", "target": "blend_m010", "family": "original", "seed": 0, "start": 100000, "done": 10, "total": 195, "seconds": 5.4635513080284}
{"cohort": "existing", "target": "blend_p001", "family": "original", "seed": 0, "start": 100000, "done": 11, "total": 195, "seconds": 5.573899479582906}
{"cohort": "existing", "target": "blend_p010", "family": "original", "seed": 0, "start": 100000, "done": 12, "total": 195, "seconds": 5.715245175175369}
{"cohort": "existing", "target": "blend_p030", "family": "original", "seed": 0, "start": 100000, "done": 13, "total": 195, "seconds": 5.823897886089981}
{"cohort": "existing", "target": "sine", "family": "original", "seed": 0, "start": 400000, "done": 14, "total": 195, "seconds": 5.930774105712771}
{"cohort": "existing", "target": "runge", "family": "original", "seed": 0, "start": 400000, "done": 15, "total": 195, "seconds": 6.034052993170917}
{"cohort": "existing", "target": "moment3", "family": "original", "seed": 0, "start": 400000, "done": 16, "total": 195, "seconds": 6.1741499658674}
{"cohort": "existing", "target": "moment5", "family": "original", "seed": 0, "start": 400000, "done": 17, "total": 195, "seconds": 6.282202770933509}
{"cohort": "existing", "target": "moment9", "family": "original", "seed": 0, "start": 400000, "done": 18, "total": 195, "seconds": 6.432941309176385}
{"cohort": "existing", "target": "mixed_sine", "family": "original", "seed": 0, "start": 400000, "done": 19, "total": 195, "seconds": 6.564959145151079}
{"cohort": "existing", "target": "localized_sine", "family": "original", "seed": 0, "start": 400000, "done": 20, "total": 195, "seconds": 6.69149150326848}
{"cohort": "existing", "target": "chirp", "family": "original", "seed": 0, "start": 400000, "done": 21, "total": 195, "seconds": 6.815253060311079}
{"cohort": "existing", "target": "moment4", "family": "original", "seed": 0, "start": 400000, "done": 22, "total": 195, "seconds": 6.9390323320403695}
{"cohort": "existing", "target": "blend_m010", "family": "original", "seed": 0, "start": 400000, "done": 23, "total": 195, "seconds": 7.057150458917022}
{"cohort": "existing", "target": "blend_p001", "family": "original", "seed": 0, "start": 400000, "done": 24, "total": 195, "seconds": 7.181327027268708}
{"cohort": "existing", "target": "blend_p010", "family": "original", "seed": 0, "start": 400000, "done": 25, "total": 195, "seconds": 7.313955611549318}
{"cohort": "existing", "target": "blend_p030", "family": "original", "seed": 0, "start": 400000, "done": 26, "total": 195, "seconds": 7.442310642451048}
{"cohort": "existing", "target": "sine", "family": "original", "seed": 0, "start": 600000, "done": 27, "total": 195, "seconds": 7.562461299821734}
{"cohort": "existing", "target": "runge", "family": "original", "seed": 0, "start": 600000, "done": 28, "total": 195, "seconds": 7.6819931380450726}
{"cohort": "existing", "target": "moment3", "family": "original", "seed": 0, "start": 600000, "done": 29, "total": 195, "seconds": 7.796823457814753}
{"cohort": "existing", "target": "moment5", "family": "original", "seed": 0, "start": 600000, "done": 30, "total": 195, "seconds": 7.909434657543898}
{"cohort": "existing", "target": "moment9", "family": "original", "seed": 0, "start": 600000, "done": 31, "total": 195, "seconds": 8.042172692716122}
{"cohort": "existing", "target": "mixed_sine", "family": "original", "seed": 0, "start": 600000, "done": 32, "total": 195, "seconds": 8.184506548568606}
{"cohort": "existing", "target": "localized_sine", "family": "original", "seed": 0, "start": 600000, "done": 33, "total": 195, "seconds": 8.332647547125816}
{"cohort": "existing", "target": "chirp", "family": "original", "seed": 0, "start": 600000, "done": 34, "total": 195, "seconds": 8.500579461455345}
{"cohort": "existing", "target": "moment4", "family": "original", "seed": 0, "start": 600000, "done": 35, "total": 195, "seconds": 8.628709025681019}
{"cohort": "existing", "target": "blend_m010", "family": "original", "seed": 0, "start": 600000, "done": 36, "total": 195, "seconds": 8.758663205429912}
{"cohort": "existing", "target": "blend_p001", "family": "original", "seed": 0, "start": 600000, "done": 37, "total": 195, "seconds": 8.888791997916996}
{"cohort": "existing", "target": "blend_p010", "family": "original", "seed": 0, "start": 600000, "done": 38, "total": 195, "seconds": 9.018934003077447}
{"cohort": "existing", "target": "blend_p030", "family": "original", "seed": 0, "start": 600000, "done": 39, "total": 195, "seconds": 9.156018326990306}
{"cohort": "existing", "target": "sine", "family": "original", "seed": 1, "start": 100000, "done": 40, "total": 195, "seconds": 9.31768924370408}
{"cohort": "existing", "target": "runge", "family": "original", "seed": 1, "start": 100000, "done": 41, "total": 195, "seconds": 9.44378805346787}
{"cohort": "existing", "target": "moment3", "family": "original", "seed": 1, "start": 100000, "done": 42, "total": 195, "seconds": 9.569652622565627}
{"cohort": "existing", "target": "moment5", "family": "original", "seed": 1, "start": 100000, "done": 43, "total": 195, "seconds": 9.704732544720173}
{"cohort": "existing", "target": "moment9", "family": "original", "seed": 1, "start": 100000, "done": 44, "total": 195, "seconds": 9.837987238541245}
{"cohort": "existing", "target": "mixed_sine", "family": "original", "seed": 1, "start": 100000, "done": 45, "total": 195, "seconds": 9.96394377015531}
{"cohort": "existing", "target": "localized_sine", "family": "original", "seed": 1, "start": 100000, "done": 46, "total": 195, "seconds": 10.096802580170333}
{"cohort": "existing", "target": "chirp", "family": "original", "seed": 1, "start": 100000, "done": 47, "total": 195, "seconds": 10.240416715852916}
{"cohort": "existing", "target": "moment4", "family": "original", "seed": 1, "start": 100000, "done": 48, "total": 195, "seconds": 10.39109515491873}
{"cohort": "existing", "target": "blend_m010", "family": "original", "seed": 1, "start": 100000, "done": 49, "total": 195, "seconds": 10.536206332035363}
{"cohort": "existing", "target": "blend_p001", "family": "original", "seed": 1, "start": 100000, "done": 50, "total": 195, "seconds": 10.651146169751883}
{"cohort": "existing", "target": "blend_p010", "family": "original", "seed": 1, "start": 100000, "done": 51, "total": 195, "seconds": 10.782482562586665}
{"cohort": "existing", "target": "blend_p030", "family": "original", "seed": 1, "start": 100000, "done": 52, "total": 195, "seconds": 10.908277439884841}
{"cohort": "existing", "target": "sine", "family": "original", "seed": 1, "start": 400000, "done": 53, "total": 195, "seconds": 11.060307764448225}
{"cohort": "existing", "target": "runge", "family": "original", "seed": 1, "start": 400000, "done": 54, "total": 195, "seconds": 11.199182693846524}
{"cohort": "existing", "target": "moment3", "family": "original", "seed": 1, "start": 400000, "done": 55, "total": 195, "seconds": 11.338361483067274}
{"cohort": "existing", "target": "moment5", "family": "original", "seed": 1, "start": 400000, "done": 56, "total": 195, "seconds": 11.467397788539529}
{"cohort": "existing", "target": "moment9", "family": "original", "seed": 1, "start": 400000, "done": 57, "total": 195, "seconds": 11.587704906240106}
{"cohort": "existing", "target": "mixed_sine", "family": "original", "seed": 1, "start": 400000, "done": 58, "total": 195, "seconds": 11.710695480927825}
{"cohort": "existing", "target": "localized_sine", "family": "original", "seed": 1, "start": 400000, "done": 59, "total": 195, "seconds": 11.831157181411982}
{"cohort": "existing", "target": "chirp", "family": "original", "seed": 1, "start": 400000, "done": 60, "total": 195, "seconds": 11.942270348779857}
{"cohort": "existing", "target": "moment4", "family": "original", "seed": 1, "start": 400000, "done": 61, "total": 195, "seconds": 12.061749669723213}
{"cohort": "existing", "target": "blend_m010", "family": "original", "seed": 1, "start": 400000, "done": 62, "total": 195, "seconds": 12.183704021386802}
{"cohort": "existing", "target": "blend_p001", "family": "original", "seed": 1, "start": 400000, "done": 63, "total": 195, "seconds": 12.299718646332622}
{"cohort": "existing", "target": "blend_p010", "family": "original", "seed": 1, "start": 400000, "done": 64, "total": 195, "seconds": 12.412633283995092}
{"cohort": "existing", "target": "blend_p030", "family": "original", "seed": 1, "start": 400000, "done": 65, "total": 195, "seconds": 12.520558150485158}
{"cohort": "existing", "target": "sine", "family": "original", "seed": 1, "start": 600000, "done": 66, "total": 195, "seconds": 12.628141815774143}
{"cohort": "existing", "target": "runge", "family": "original", "seed": 1, "start": 600000, "done": 67, "total": 195, "seconds": 12.736994912847877}
{"cohort": "existing", "target": "moment3", "family": "original", "seed": 1, "start": 600000, "done": 68, "total": 195, "seconds": 12.859547358937562}
{"cohort": "existing", "target": "moment5", "family": "original", "seed": 1, "start": 600000, "done": 69, "total": 195, "seconds": 12.992123652249575}
{"cohort": "existing", "target": "moment9", "family": "original", "seed": 1, "start": 600000, "done": 70, "total": 195, "seconds": 13.104718307033181}
{"cohort": "existing", "target": "mixed_sine", "family": "original", "seed": 1, "start": 600000, "done": 71, "total": 195, "seconds": 13.213422267697752}
{"cohort": "existing", "target": "localized_sine", "family": "original", "seed": 1, "start": 600000, "done": 72, "total": 195, "seconds": 13.327710956335068}
{"cohort": "existing", "target": "chirp", "family": "original", "seed": 1, "start": 600000, "done": 73, "total": 195, "seconds": 13.43389273993671}
{"cohort": "existing", "target": "moment4", "family": "original", "seed": 1, "start": 600000, "done": 74, "total": 195, "seconds": 13.576854846440256}
{"cohort": "existing", "target": "blend_m010", "family": "original", "seed": 1, "start": 600000, "done": 75, "total": 195, "seconds": 13.764929899014533}
{"cohort": "existing", "target": "blend_p001", "family": "original", "seed": 1, "start": 600000, "done": 76, "total": 195, "seconds": 13.901044890284538}
{"cohort": "existing", "target": "blend_p010", "family": "original", "seed": 1, "start": 600000, "done": 77, "total": 195, "seconds": 14.036307593807578}
{"cohort": "existing", "target": "blend_p030", "family": "original", "seed": 1, "start": 600000, "done": 78, "total": 195, "seconds": 14.148767382837832}
{"cohort": "existing", "target": "sine", "family": "original", "seed": 2, "start": 100000, "done": 79, "total": 195, "seconds": 14.2653605081141}
{"cohort": "existing", "target": "runge", "family": "original", "seed": 2, "start": 100000, "done": 80, "total": 195, "seconds": 14.419841268099844}
{"cohort": "existing", "target": "moment3", "family": "original", "seed": 2, "start": 100000, "done": 81, "total": 195, "seconds": 14.603749649599195}
{"cohort": "existing", "target": "moment5", "family": "original", "seed": 2, "start": 100000, "done": 82, "total": 195, "seconds": 14.735714890994132}
{"cohort": "existing", "target": "moment9", "family": "original", "seed": 2, "start": 100000, "done": 83, "total": 195, "seconds": 14.852023987099528}
{"cohort": "existing", "target": "mixed_sine", "family": "original", "seed": 2, "start": 100000, "done": 84, "total": 195, "seconds": 14.967861482873559}
{"cohort": "existing", "target": "localized_sine", "family": "original", "seed": 2, "start": 100000, "done": 85, "total": 195, "seconds": 15.08668013010174}
{"cohort": "existing", "target": "chirp", "family": "original", "seed": 2, "start": 100000, "done": 86, "total": 195, "seconds": 15.198810822330415}
{"cohort": "existing", "target": "moment4", "family": "original", "seed": 2, "start": 100000, "done": 87, "total": 195, "seconds": 15.307123037055135}
{"cohort": "existing", "target": "blend_m010", "family": "original", "seed": 2, "start": 100000, "done": 88, "total": 195, "seconds": 15.443225760944188}
{"cohort": "existing", "target": "blend_p001", "family": "original", "seed": 2, "start": 100000, "done": 89, "total": 195, "seconds": 15.590793716721237}
{"cohort": "existing", "target": "blend_p010", "family": "original", "seed": 2, "start": 100000, "done": 90, "total": 195, "seconds": 15.720650834031403}
{"cohort": "existing", "target": "blend_p030", "family": "original", "seed": 2, "start": 100000, "done": 91, "total": 195, "seconds": 15.848426792770624}
{"cohort": "existing", "target": "sine", "family": "original", "seed": 2, "start": 400000, "done": 92, "total": 195, "seconds": 15.966816058382392}
{"cohort": "existing", "target": "runge", "family": "original", "seed": 2, "start": 400000, "done": 93, "total": 195, "seconds": 16.10077343415469}
{"cohort": "existing", "target": "moment3", "family": "original", "seed": 2, "start": 400000, "done": 94, "total": 195, "seconds": 16.230113422498107}
{"cohort": "existing", "target": "moment5", "family": "original", "seed": 2, "start": 400000, "done": 95, "total": 195, "seconds": 16.34752746578306}
{"cohort": "existing", "target": "moment9", "family": "original", "seed": 2, "start": 400000, "done": 96, "total": 195, "seconds": 16.459154524840415}
{"cohort": "existing", "target": "mixed_sine", "family": "original", "seed": 2, "start": 400000, "done": 97, "total": 195, "seconds": 16.571574156172574}
{"cohort": "existing", "target": "localized_sine", "family": "original", "seed": 2, "start": 400000, "done": 98, "total": 195, "seconds": 16.676656278781593}
{"cohort": "existing", "target": "chirp", "family": "original", "seed": 2, "start": 400000, "done": 99, "total": 195, "seconds": 16.78691445477307}
{"cohort": "existing", "target": "moment4", "family": "original", "seed": 2, "start": 400000, "done": 100, "total": 195, "seconds": 16.919210660271347}
{"cohort": "existing", "target": "blend_m010", "family": "original", "seed": 2, "start": 400000, "done": 101, "total": 195, "seconds": 17.04470512084663}
{"cohort": "existing", "target": "blend_p001", "family": "original", "seed": 2, "start": 400000, "done": 102, "total": 195, "seconds": 17.166477194055915}
{"cohort": "existing", "target": "blend_p010", "family": "original", "seed": 2, "start": 400000, "done": 103, "total": 195, "seconds": 17.29002824611962}
{"cohort": "existing", "target": "blend_p030", "family": "original", "seed": 2, "start": 400000, "done": 104, "total": 195, "seconds": 17.410139793530107}
{"cohort": "existing", "target": "sine", "family": "original", "seed": 2, "start": 600000, "done": 105, "total": 195, "seconds": 17.521141421049833}
{"cohort": "existing", "target": "runge", "family": "original", "seed": 2, "start": 600000, "done": 106, "total": 195, "seconds": 17.600919058546424}
{"cohort": "existing", "target": "moment3", "family": "original", "seed": 2, "start": 600000, "done": 107, "total": 195, "seconds": 17.70476976595819}
{"cohort": "existing", "target": "moment5", "family": "original", "seed": 2, "start": 600000, "done": 108, "total": 195, "seconds": 17.812013714574277}
{"cohort": "existing", "target": "moment9", "family": "original", "seed": 2, "start": 600000, "done": 109, "total": 195, "seconds": 17.97027582768351}
{"cohort": "existing", "target": "mixed_sine", "family": "original", "seed": 2, "start": 600000, "done": 110, "total": 195, "seconds": 18.091896323487163}
{"cohort": "existing", "target": "localized_sine", "family": "original", "seed": 2, "start": 600000, "done": 111, "total": 195, "seconds": 18.19877344276756}
{"cohort": "existing", "target": "chirp", "family": "original", "seed": 2, "start": 600000, "done": 112, "total": 195, "seconds": 18.310670505277812}
{"cohort": "existing", "target": "moment4", "family": "original", "seed": 2, "start": 600000, "done": 113, "total": 195, "seconds": 18.422583161853254}
{"cohort": "existing", "target": "blend_m010", "family": "original", "seed": 2, "start": 600000, "done": 114, "total": 195, "seconds": 18.540588880889118}
{"cohort": "existing", "target": "blend_p001", "family": "original", "seed": 2, "start": 600000, "done": 115, "total": 195, "seconds": 18.666537638753653}
{"cohort": "existing", "target": "blend_p010", "family": "original", "seed": 2, "start": 600000, "done": 116, "total": 195, "seconds": 18.780438983812928}
{"cohort": "existing", "target": "blend_p030", "family": "original", "seed": 2, "start": 600000, "done": 117, "total": 195, "seconds": 18.901776921004057}
{"cohort": "existing", "target": "sine", "family": "original", "seed": 3, "start": 100000, "done": 118, "total": 195, "seconds": 19.023305166512728}
{"cohort": "existing", "target": "runge", "family": "original", "seed": 3, "start": 100000, "done": 119, "total": 195, "seconds": 19.13441858999431}
{"cohort": "existing", "target": "moment3", "family": "original", "seed": 3, "start": 100000, "done": 120, "total": 195, "seconds": 19.25524349976331}
{"cohort": "existing", "target": "moment5", "family": "original", "seed": 3, "start": 100000, "done": 121, "total": 195, "seconds": 19.36747536994517}
{"cohort": "existing", "target": "moment9", "family": "original", "seed": 3, "start": 100000, "done": 122, "total": 195, "seconds": 19.482324837706983}
{"cohort": "existing", "target": "mixed_sine", "family": "original", "seed": 3, "start": 100000, "done": 123, "total": 195, "seconds": 19.5882110549137}
{"cohort": "existing", "target": "localized_sine", "family": "original", "seed": 3, "start": 100000, "done": 124, "total": 195, "seconds": 19.69825197570026}
{"cohort": "existing", "target": "chirp", "family": "original", "seed": 3, "start": 100000, "done": 125, "total": 195, "seconds": 19.821036890149117}
{"cohort": "existing", "target": "moment4", "family": "original", "seed": 3, "start": 100000, "done": 126, "total": 195, "seconds": 19.928822468034923}
{"cohort": "existing", "target": "blend_m010", "family": "original", "seed": 3, "start": 100000, "done": 127, "total": 195, "seconds": 20.035747379995883}
{"cohort": "existing", "target": "blend_p001", "family": "original", "seed": 3, "start": 100000, "done": 128, "total": 195, "seconds": 20.13946925010532}
{"cohort": "existing", "target": "blend_p010", "family": "original", "seed": 3, "start": 100000, "done": 129, "total": 195, "seconds": 20.24905481468886}
{"cohort": "existing", "target": "blend_p030", "family": "original", "seed": 3, "start": 100000, "done": 130, "total": 195, "seconds": 20.35438417084515}
{"cohort": "existing", "target": "sine", "family": "original", "seed": 3, "start": 400000, "done": 131, "total": 195, "seconds": 20.422571450471878}
{"cohort": "existing", "target": "runge", "family": "original", "seed": 3, "start": 400000, "done": 132, "total": 195, "seconds": 20.497906521894038}
{"cohort": "existing", "target": "moment3", "family": "original", "seed": 3, "start": 400000, "done": 133, "total": 195, "seconds": 20.589464890770614}
{"cohort": "existing", "target": "moment5", "family": "original", "seed": 3, "start": 400000, "done": 134, "total": 195, "seconds": 20.693434173241258}
{"cohort": "existing", "target": "moment9", "family": "original", "seed": 3, "start": 400000, "done": 135, "total": 195, "seconds": 20.802635404281318}
{"cohort": "existing", "target": "mixed_sine", "family": "original", "seed": 3, "start": 400000, "done": 136, "total": 195, "seconds": 20.9108789851889}
{"cohort": "existing", "target": "localized_sine", "family": "original", "seed": 3, "start": 400000, "done": 137, "total": 195, "seconds": 21.018402178771794}
{"cohort": "existing", "target": "chirp", "family": "original", "seed": 3, "start": 400000, "done": 138, "total": 195, "seconds": 21.124978909268975}
{"cohort": "existing", "target": "moment4", "family": "original", "seed": 3, "start": 400000, "done": 139, "total": 195, "seconds": 21.23266309313476}
{"cohort": "existing", "target": "blend_m010", "family": "original", "seed": 3, "start": 400000, "done": 140, "total": 195, "seconds": 21.3369943164289}
{"cohort": "existing", "target": "blend_p001", "family": "original", "seed": 3, "start": 400000, "done": 141, "total": 195, "seconds": 21.442356664687395}
{"cohort": "existing", "target": "blend_p010", "family": "original", "seed": 3, "start": 400000, "done": 142, "total": 195, "seconds": 21.53705115430057}
{"cohort": "existing", "target": "blend_p030", "family": "original", "seed": 3, "start": 400000, "done": 143, "total": 195, "seconds": 21.637954075820744}
{"cohort": "existing", "target": "sine", "family": "original", "seed": 3, "start": 600000, "done": 144, "total": 195, "seconds": 21.74312506429851}
{"cohort": "existing", "target": "runge", "family": "original", "seed": 3, "start": 600000, "done": 145, "total": 195, "seconds": 21.850494435988367}
{"cohort": "existing", "target": "moment3", "family": "original", "seed": 3, "start": 600000, "done": 146, "total": 195, "seconds": 21.95740719884634}
{"cohort": "existing", "target": "moment5", "family": "original", "seed": 3, "start": 600000, "done": 147, "total": 195, "seconds": 22.063777164556086}
{"cohort": "existing", "target": "moment9", "family": "original", "seed": 3, "start": 600000, "done": 148, "total": 195, "seconds": 22.172127153724432}
{"cohort": "existing", "target": "mixed_sine", "family": "original", "seed": 3, "start": 600000, "done": 149, "total": 195, "seconds": 22.27874868735671}
{"cohort": "existing", "target": "localized_sine", "family": "original", "seed": 3, "start": 600000, "done": 150, "total": 195, "seconds": 22.38532265741378}
{"cohort": "existing", "target": "chirp", "family": "original", "seed": 3, "start": 600000, "done": 151, "total": 195, "seconds": 22.49134858418256}
{"cohort": "existing", "target": "moment4", "family": "original", "seed": 3, "start": 600000, "done": 152, "total": 195, "seconds": 22.595598648302257}
{"cohort": "existing", "target": "blend_m010", "family": "original", "seed": 3, "start": 600000, "done": 153, "total": 195, "seconds": 22.694441160187125}
{"cohort": "existing", "target": "blend_p001", "family": "original", "seed": 3, "start": 600000, "done": 154, "total": 195, "seconds": 22.79699852783233}
{"cohort": "existing", "target": "blend_p010", "family": "original", "seed": 3, "start": 600000, "done": 155, "total": 195, "seconds": 22.902974371798337}
{"cohort": "existing", "target": "blend_p030", "family": "original", "seed": 3, "start": 600000, "done": 156, "total": 195, "seconds": 23.01029293052852}
{"cohort": "existing", "target": "sine", "family": "original", "seed": 4, "start": 100000, "done": 157, "total": 195, "seconds": 23.11260971799493}
{"cohort": "existing", "target": "runge", "family": "original", "seed": 4, "start": 100000, "done": 158, "total": 195, "seconds": 23.22035299614072}
{"cohort": "existing", "target": "moment3", "family": "original", "seed": 4, "start": 100000, "done": 159, "total": 195, "seconds": 23.322314995341003}
{"cohort": "existing", "target": "moment5", "family": "original", "seed": 4, "start": 100000, "done": 160, "total": 195, "seconds": 23.427924316376448}
{"cohort": "existing", "target": "moment9", "family": "original", "seed": 4, "start": 100000, "done": 161, "total": 195, "seconds": 23.53385105729103}
{"cohort": "existing", "target": "mixed_sine", "family": "original", "seed": 4, "start": 100000, "done": 162, "total": 195, "seconds": 23.641163378953934}
{"cohort": "existing", "target": "localized_sine", "family": "original", "seed": 4, "start": 100000, "done": 163, "total": 195, "seconds": 23.742326877079904}
{"cohort": "existing", "target": "chirp", "family": "original", "seed": 4, "start": 100000, "done": 164, "total": 195, "seconds": 23.848305000923574}
{"cohort": "existing", "target": "moment4", "family": "original", "seed": 4, "start": 100000, "done": 165, "total": 195, "seconds": 23.95448039099574}
{"cohort": "existing", "target": "blend_m010", "family": "original", "seed": 4, "start": 100000, "done": 166, "total": 195, "seconds": 24.060817035846412}
{"cohort": "existing", "target": "blend_p001", "family": "original", "seed": 4, "start": 100000, "done": 167, "total": 195, "seconds": 24.168258571997285}
{"cohort": "existing", "target": "blend_p010", "family": "original", "seed": 4, "start": 100000, "done": 168, "total": 195, "seconds": 24.2604106022045}
{"cohort": "existing", "target": "blend_p030", "family": "original", "seed": 4, "start": 100000, "done": 169, "total": 195, "seconds": 24.346116539090872}
{"cohort": "existing", "target": "sine", "family": "original", "seed": 4, "start": 400000, "done": 170, "total": 195, "seconds": 24.419983157888055}
{"cohort": "existing", "target": "runge", "family": "original", "seed": 4, "start": 400000, "done": 171, "total": 195, "seconds": 24.493903197348118}
{"cohort": "existing", "target": "moment3", "family": "original", "seed": 4, "start": 400000, "done": 172, "total": 195, "seconds": 24.594540014863014}
{"cohort": "existing", "target": "moment5", "family": "original", "seed": 4, "start": 400000, "done": 173, "total": 195, "seconds": 24.66452139709145}
{"cohort": "existing", "target": "moment9", "family": "original", "seed": 4, "start": 400000, "done": 174, "total": 195, "seconds": 24.739361388608813}
{"cohort": "existing", "target": "mixed_sine", "family": "original", "seed": 4, "start": 400000, "done": 175, "total": 195, "seconds": 24.819322044961154}
{"cohort": "existing", "target": "localized_sine", "family": "original", "seed": 4, "start": 400000, "done": 176, "total": 195, "seconds": 24.890100645832717}
{"cohort": "existing", "target": "chirp", "family": "original", "seed": 4, "start": 400000, "done": 177, "total": 195, "seconds": 24.96521167550236}
{"cohort": "existing", "target": "moment4", "family": "original", "seed": 4, "start": 400000, "done": 178, "total": 195, "seconds": 25.035301403142512}
{"cohort": "existing", "target": "blend_m010", "family": "original", "seed": 4, "start": 400000, "done": 179, "total": 195, "seconds": 25.117651533335447}
{"cohort": "existing", "target": "blend_p001", "family": "original", "seed": 4, "start": 400000, "done": 180, "total": 195, "seconds": 25.19189436454326}
{"cohort": "existing", "target": "blend_p010", "family": "original", "seed": 4, "start": 400000, "done": 181, "total": 195, "seconds": 25.27301816549152}
{"cohort": "existing", "target": "blend_p030", "family": "original", "seed": 4, "start": 400000, "done": 182, "total": 195, "seconds": 25.34427113737911}
{"cohort": "existing", "target": "sine", "family": "original", "seed": 4, "start": 600000, "done": 183, "total": 195, "seconds": 25.40563485492021}
{"cohort": "existing", "target": "runge", "family": "original", "seed": 4, "start": 600000, "done": 184, "total": 195, "seconds": 25.46924829017371}
{"cohort": "existing", "target": "moment3", "family": "original", "seed": 4, "start": 600000, "done": 185, "total": 195, "seconds": 25.51996596995741}
{"cohort": "existing", "target": "moment5", "family": "original", "seed": 4, "start": 600000, "done": 186, "total": 195, "seconds": 25.581790134310722}
{"cohort": "existing", "target": "moment9", "family": "original", "seed": 4, "start": 600000, "done": 187, "total": 195, "seconds": 25.661714812740684}
{"cohort": "existing", "target": "mixed_sine", "family": "original", "seed": 4, "start": 600000, "done": 188, "total": 195, "seconds": 25.71503876335919}
{"cohort": "existing", "target": "localized_sine", "family": "original", "seed": 4, "start": 600000, "done": 189, "total": 195, "seconds": 25.77557143289596}
{"cohort": "existing", "target": "chirp", "family": "original", "seed": 4, "start": 600000, "done": 190, "total": 195, "seconds": 25.859858392737806}
{"cohort": "existing", "target": "moment4", "family": "original", "seed": 4, "start": 600000, "done": 191, "total": 195, "seconds": 25.91833664290607}
{"cohort": "existing", "target": "blend_m010", "family": "original", "seed": 4, "start": 600000, "done": 192, "total": 195, "seconds": 25.980848602950573}
{"cohort": "existing", "target": "blend_p001", "family": "original", "seed": 4, "start": 600000, "done": 193, "total": 195, "seconds": 26.043606348335743}
{"cohort": "existing", "target": "blend_p010", "family": "original", "seed": 4, "start": 600000, "done": 194, "total": 195, "seconds": 26.112617746926844}
{"cohort": "existing", "target": "blend_p030", "family": "original", "seed": 4, "start": 600000, "done": 195, "total": 195, "seconds": 26.176516295410693}
{"cohort": "fresh", "target": "sine", "family": "original", "seed": 20, "start": 100000, "done": 1, "total": 78, "seconds": 2.4590462371706963}
{"cohort": "fresh", "target": "runge", "family": "original", "seed": 20, "start": 100000, "done": 2, "total": 78, "seconds": 2.544428650289774}
{"cohort": "fresh", "target": "moment3", "family": "original", "seed": 20, "start": 100000, "done": 3, "total": 78, "seconds": 2.61947641056031}
{"cohort": "fresh", "target": "moment5", "family": "original", "seed": 20, "start": 100000, "done": 4, "total": 78, "seconds": 2.6728637097403407}
{"cohort": "fresh", "target": "moment9", "family": "original", "seed": 20, "start": 100000, "done": 5, "total": 78, "seconds": 2.7333155293017626}
{"cohort": "fresh", "target": "mixed_sine", "family": "original", "seed": 20, "start": 100000, "done": 6, "total": 78, "seconds": 2.794987794943154}
{"cohort": "fresh", "target": "localized_sine", "family": "original", "seed": 20, "start": 100000, "done": 7, "total": 78, "seconds": 2.8487804159522057}
{"cohort": "fresh", "target": "chirp", "family": "original", "seed": 20, "start": 100000, "done": 8, "total": 78, "seconds": 2.909522846341133}
{"cohort": "fresh", "target": "moment4", "family": "original", "seed": 20, "start": 100000, "done": 9, "total": 78, "seconds": 2.9776289835572243}
{"cohort": "fresh", "target": "blend_m010", "family": "original", "seed": 20, "start": 100000, "done": 10, "total": 78, "seconds": 3.03885620739311}
{"cohort": "fresh", "target": "blend_p001", "family": "original", "seed": 20, "start": 100000, "done": 11, "total": 78, "seconds": 3.0924697909504175}
{"cohort": "fresh", "target": "blend_p010", "family": "original", "seed": 20, "start": 100000, "done": 12, "total": 78, "seconds": 3.150601443834603}
{"cohort": "fresh", "target": "blend_p030", "family": "original", "seed": 20, "start": 100000, "done": 13, "total": 78, "seconds": 3.217891477048397}
{"cohort": "fresh", "target": "sine", "family": "original", "seed": 21, "start": 100000, "done": 14, "total": 78, "seconds": 3.289260265417397}
{"cohort": "fresh", "target": "runge", "family": "original", "seed": 21, "start": 100000, "done": 15, "total": 78, "seconds": 3.3462838465347886}
{"cohort": "fresh", "target": "moment3", "family": "original", "seed": 21, "start": 100000, "done": 16, "total": 78, "seconds": 3.405156299471855}
{"cohort": "fresh", "target": "moment5", "family": "original", "seed": 21, "start": 100000, "done": 17, "total": 78, "seconds": 3.466950176283717}
{"cohort": "fresh", "target": "moment9", "family": "original", "seed": 21, "start": 100000, "done": 18, "total": 78, "seconds": 3.540197294205427}
{"cohort": "fresh", "target": "mixed_sine", "family": "original", "seed": 21, "start": 100000, "done": 19, "total": 78, "seconds": 3.6090532541275024}
{"cohort": "fresh", "target": "localized_sine", "family": "original", "seed": 21, "start": 100000, "done": 20, "total": 78, "seconds": 3.675624843686819}
{"cohort": "fresh", "target": "chirp", "family": "original", "seed": 21, "start": 100000, "done": 21, "total": 78, "seconds": 3.754233194515109}
{"cohort": "fresh", "target": "moment4", "family": "original", "seed": 21, "start": 100000, "done": 22, "total": 78, "seconds": 3.8229401521384716}
{"cohort": "fresh", "target": "blend_m010", "family": "original", "seed": 21, "start": 100000, "done": 23, "total": 78, "seconds": 3.9028088180348277}
{"cohort": "fresh", "target": "blend_p001", "family": "original", "seed": 21, "start": 100000, "done": 24, "total": 78, "seconds": 3.9749132515862584}
{"cohort": "fresh", "target": "blend_p010", "family": "original", "seed": 21, "start": 100000, "done": 25, "total": 78, "seconds": 4.045775939710438}
{"cohort": "fresh", "target": "blend_p030", "family": "original", "seed": 21, "start": 100000, "done": 26, "total": 78, "seconds": 4.118489035405219}
{"cohort": "fresh", "target": "sine", "family": "original", "seed": 20, "start": 400000, "done": 27, "total": 78, "seconds": 4.180567212402821}
{"cohort": "fresh", "target": "runge", "family": "original", "seed": 20, "start": 400000, "done": 28, "total": 78, "seconds": 4.2396354312077165}
{"cohort": "fresh", "target": "moment3", "family": "original", "seed": 20, "start": 400000, "done": 29, "total": 78, "seconds": 4.299675149843097}
{"cohort": "fresh", "target": "moment5", "family": "original", "seed": 20, "start": 400000, "done": 30, "total": 78, "seconds": 4.385638317093253}
{"cohort": "fresh", "target": "moment9", "family": "original", "seed": 20, "start": 400000, "done": 31, "total": 78, "seconds": 4.513963960111141}
{"cohort": "fresh", "target": "mixed_sine", "family": "original", "seed": 20, "start": 400000, "done": 32, "total": 78, "seconds": 4.576623064465821}
{"cohort": "fresh", "target": "localized_sine", "family": "original", "seed": 20, "start": 400000, "done": 33, "total": 78, "seconds": 4.636827298440039}
{"cohort": "fresh", "target": "chirp", "family": "original", "seed": 20, "start": 400000, "done": 34, "total": 78, "seconds": 4.707670673727989}
{"cohort": "fresh", "target": "moment4", "family": "original", "seed": 20, "start": 400000, "done": 35, "total": 78, "seconds": 4.780288870446384}
{"cohort": "fresh", "target": "blend_m010", "family": "original", "seed": 20, "start": 400000, "done": 36, "total": 78, "seconds": 4.841652388684452}
{"cohort": "fresh", "target": "blend_p001", "family": "original", "seed": 20, "start": 400000, "done": 37, "total": 78, "seconds": 4.897781583480537}
{"cohort": "fresh", "target": "blend_p010", "family": "original", "seed": 20, "start": 400000, "done": 38, "total": 78, "seconds": 4.953025137074292}
{"cohort": "fresh", "target": "blend_p030", "family": "original", "seed": 20, "start": 400000, "done": 39, "total": 78, "seconds": 5.010602205991745}
{"cohort": "fresh", "target": "sine", "family": "original", "seed": 21, "start": 400000, "done": 40, "total": 78, "seconds": 5.068737941794097}
{"cohort": "fresh", "target": "runge", "family": "original", "seed": 21, "start": 400000, "done": 41, "total": 78, "seconds": 5.142624918371439}
{"cohort": "fresh", "target": "moment3", "family": "original", "seed": 21, "start": 400000, "done": 42, "total": 78, "seconds": 5.219600114040077}
{"cohort": "fresh", "target": "moment5", "family": "original", "seed": 21, "start": 400000, "done": 43, "total": 78, "seconds": 5.307874520309269}
{"cohort": "fresh", "target": "moment9", "family": "original", "seed": 21, "start": 400000, "done": 44, "total": 78, "seconds": 5.403880204074085}
{"cohort": "fresh", "target": "mixed_sine", "family": "original", "seed": 21, "start": 400000, "done": 45, "total": 78, "seconds": 5.480341823771596}
{"cohort": "fresh", "target": "localized_sine", "family": "original", "seed": 21, "start": 400000, "done": 46, "total": 78, "seconds": 5.566235376521945}
{"cohort": "fresh", "target": "chirp", "family": "original", "seed": 21, "start": 400000, "done": 47, "total": 78, "seconds": 5.682152017019689}
{"cohort": "fresh", "target": "moment4", "family": "original", "seed": 21, "start": 400000, "done": 48, "total": 78, "seconds": 5.764753303490579}
{"cohort": "fresh", "target": "blend_m010", "family": "original", "seed": 21, "start": 400000, "done": 49, "total": 78, "seconds": 5.853631035424769}
{"cohort": "fresh", "target": "blend_p001", "family": "original", "seed": 21, "start": 400000, "done": 50, "total": 78, "seconds": 5.933109246194363}
{"cohort": "fresh", "target": "blend_p010", "family": "original", "seed": 21, "start": 400000, "done": 51, "total": 78, "seconds": 6.011933973059058}
{"cohort": "fresh", "target": "blend_p030", "family": "original", "seed": 21, "start": 400000, "done": 52, "total": 78, "seconds": 6.114828981459141}
{"cohort": "fresh", "target": "sine", "family": "original", "seed": 20, "start": 600000, "done": 53, "total": 78, "seconds": 6.19852926954627}
{"cohort": "fresh", "target": "runge", "family": "original", "seed": 20, "start": 600000, "done": 54, "total": 78, "seconds": 6.269582644104958}
{"cohort": "fresh", "target": "moment3", "family": "original", "seed": 20, "start": 600000, "done": 55, "total": 78, "seconds": 6.37144526001066}
{"cohort": "fresh", "target": "moment5", "family": "original", "seed": 20, "start": 600000, "done": 56, "total": 78, "seconds": 6.447978973388672}
{"cohort": "fresh", "target": "moment9", "family": "original", "seed": 20, "start": 600000, "done": 57, "total": 78, "seconds": 6.520679105073214}
{"cohort": "fresh", "target": "mixed_sine", "family": "original", "seed": 20, "start": 600000, "done": 58, "total": 78, "seconds": 6.579459731467068}
{"cohort": "fresh", "target": "localized_sine", "family": "original", "seed": 20, "start": 600000, "done": 59, "total": 78, "seconds": 6.650903264991939}
{"cohort": "fresh", "target": "chirp", "family": "original", "seed": 20, "start": 600000, "done": 60, "total": 78, "seconds": 6.732203748077154}
{"cohort": "fresh", "target": "moment4", "family": "original", "seed": 20, "start": 600000, "done": 61, "total": 78, "seconds": 6.833435743115842}
{"cohort": "fresh", "target": "blend_m010", "family": "original", "seed": 20, "start": 600000, "done": 62, "total": 78, "seconds": 6.925507043488324}
{"cohort": "fresh", "target": "blend_p001", "family": "original", "seed": 20, "start": 600000, "done": 63, "total": 78, "seconds": 7.000273031182587}
{"cohort": "fresh", "target": "blend_p010", "family": "original", "seed": 20, "start": 600000, "done": 64, "total": 78, "seconds": 7.0967981312423944}
{"cohort": "fresh", "target": "blend_p030", "family": "original", "seed": 20, "start": 600000, "done": 65, "total": 78, "seconds": 7.203092809766531}
{"cohort": "fresh", "target": "sine", "family": "original", "seed": 21, "start": 600000, "done": 66, "total": 78, "seconds": 7.300388416275382}
{"cohort": "fresh", "target": "runge", "family": "original", "seed": 21, "start": 600000, "done": 67, "total": 78, "seconds": 7.404490960761905}
{"cohort": "fresh", "target": "moment3", "family": "original", "seed": 21, "start": 600000, "done": 68, "total": 78, "seconds": 7.517183130607009}
{"cohort": "fresh", "target": "moment5", "family": "original", "seed": 21, "start": 600000, "done": 69, "total": 78, "seconds": 7.6238325946033}
{"cohort": "fresh", "target": "moment9", "family": "original", "seed": 21, "start": 600000, "done": 70, "total": 78, "seconds": 7.681751595810056}
{"cohort": "fresh", "target": "mixed_sine", "family": "original", "seed": 21, "start": 600000, "done": 71, "total": 78, "seconds": 7.766152272000909}
{"cohort": "fresh", "target": "localized_sine", "family": "original", "seed": 21, "start": 600000, "done": 72, "total": 78, "seconds": 7.857106565497816}
{"cohort": "fresh", "target": "chirp", "family": "original", "seed": 21, "start": 600000, "done": 73, "total": 78, "seconds": 7.951407400891185}
{"cohort": "fresh", "target": "moment4", "family": "original", "seed": 21, "start": 600000, "done": 74, "total": 78, "seconds": 8.01799884159118}
{"cohort": "fresh", "target": "blend_m010", "family": "original", "seed": 21, "start": 600000, "done": 75, "total": 78, "seconds": 8.070993498899043}
{"cohort": "fresh", "target": "blend_p001", "family": "original", "seed": 21, "start": 600000, "done": 76, "total": 78, "seconds": 8.148218600079417}
{"cohort": "fresh", "target": "blend_p010", "family": "original", "seed": 21, "start": 600000, "done": 77, "total": 78, "seconds": 8.227014086209238}
{"cohort": "fresh", "target": "blend_p030", "family": "original", "seed": 21, "start": 600000, "done": 78, "total": 78, "seconds": 8.302031628787518}
{"cohort": "heldout", "target": "exp_right", "family": "exponential", "seed": 22, "start": 100000, "done": 1, "total": 60, "seconds": 2.5431642960757017}
{"cohort": "heldout", "target": "exp_left", "family": "exponential", "seed": 22, "start": 100000, "done": 2, "total": 60, "seconds": 2.638823911547661}
{"cohort": "heldout", "target": "gauss_left", "family": "gaussian", "seed": 22, "start": 100000, "done": 3, "total": 60, "seconds": 2.7226158641278744}
{"cohort": "heldout", "target": "gauss_right", "family": "gaussian", "seed": 22, "start": 100000, "done": 4, "total": 60, "seconds": 2.791791133582592}
{"cohort": "heldout", "target": "bump_left", "family": "compact_bump", "seed": 22, "start": 100000, "done": 5, "total": 60, "seconds": 2.855351817794144}
{"cohort": "heldout", "target": "bump_right", "family": "compact_bump", "seed": 22, "start": 100000, "done": 6, "total": 60, "seconds": 2.9377940921112895}
{"cohort": "heldout", "target": "step_left", "family": "tanh_step", "seed": 22, "start": 100000, "done": 7, "total": 60, "seconds": 3.0100114727392793}
{"cohort": "heldout", "target": "step_right", "family": "tanh_step", "seed": 22, "start": 100000, "done": 8, "total": 60, "seconds": 3.0823468500748277}
{"cohort": "heldout", "target": "kink_abs", "family": "kink", "seed": 22, "start": 100000, "done": 9, "total": 60, "seconds": 3.165667649358511}
{"cohort": "heldout", "target": "kink_relu", "family": "kink", "seed": 22, "start": 100000, "done": 10, "total": 60, "seconds": 3.2327586775645614}
{"cohort": "heldout", "target": "exp_right", "family": "exponential", "seed": 23, "start": 100000, "done": 11, "total": 60, "seconds": 3.3122913260012865}
{"cohort": "heldout", "target": "exp_left", "family": "exponential", "seed": 23, "start": 100000, "done": 12, "total": 60, "seconds": 3.3939629197120667}
{"cohort": "heldout", "target": "gauss_left", "family": "gaussian", "seed": 23, "start": 100000, "done": 13, "total": 60, "seconds": 3.4660588782280684}
{"cohort": "heldout", "target": "gauss_right", "family": "gaussian", "seed": 23, "start": 100000, "done": 14, "total": 60, "seconds": 3.5447488045319915}
{"cohort": "heldout", "target": "bump_left", "family": "compact_bump", "seed": 23, "start": 100000, "done": 15, "total": 60, "seconds": 3.6350742066279054}
{"cohort": "heldout", "target": "bump_right", "family": "compact_bump", "seed": 23, "start": 100000, "done": 16, "total": 60, "seconds": 3.7146333418786526}
{"cohort": "heldout", "target": "step_left", "family": "tanh_step", "seed": 23, "start": 100000, "done": 17, "total": 60, "seconds": 3.8015860756859183}
{"cohort": "heldout", "target": "step_right", "family": "tanh_step", "seed": 23, "start": 100000, "done": 18, "total": 60, "seconds": 3.919996177777648}
{"cohort": "heldout", "target": "kink_abs", "family": "kink", "seed": 23, "start": 100000, "done": 19, "total": 60, "seconds": 4.043406029231846}
{"cohort": "heldout", "target": "kink_relu", "family": "kink", "seed": 23, "start": 100000, "done": 20, "total": 60, "seconds": 4.140177991241217}
{"cohort": "heldout", "target": "exp_right", "family": "exponential", "seed": 22, "start": 400000, "done": 21, "total": 60, "seconds": 4.251369469799101}
{"cohort": "heldout", "target": "exp_left", "family": "exponential", "seed": 22, "start": 400000, "done": 22, "total": 60, "seconds": 4.353550677187741}
{"cohort": "heldout", "target": "gauss_left", "family": "gaussian", "seed": 22, "start": 400000, "done": 23, "total": 60, "seconds": 4.45431094057858}
{"cohort": "heldout", "target": "gauss_right", "family": "gaussian", "seed": 22, "start": 400000, "done": 24, "total": 60, "seconds": 4.5376029293984175}
{"cohort": "heldout", "target": "bump_left", "family": "compact_bump", "seed": 22, "start": 400000, "done": 25, "total": 60, "seconds": 4.618096978403628}
{"cohort": "heldout", "target": "bump_right", "family": "compact_bump", "seed": 22, "start": 400000, "done": 26, "total": 60, "seconds": 4.689235161989927}
{"cohort": "heldout", "target": "step_left", "family": "tanh_step", "seed": 22, "start": 400000, "done": 27, "total": 60, "seconds": 4.778239484876394}
{"cohort": "heldout", "target": "step_right", "family": "tanh_step", "seed": 22, "start": 400000, "done": 28, "total": 60, "seconds": 4.872884010896087}
{"cohort": "heldout", "target": "kink_abs", "family": "kink", "seed": 22, "start": 400000, "done": 29, "total": 60, "seconds": 4.972963702864945}
{"cohort": "heldout", "target": "kink_relu", "family": "kink", "seed": 22, "start": 400000, "done": 30, "total": 60, "seconds": 5.078605152666569}
{"cohort": "heldout", "target": "exp_right", "family": "exponential", "seed": 23, "start": 400000, "done": 31, "total": 60, "seconds": 5.16724858712405}
{"cohort": "heldout", "target": "exp_left", "family": "exponential", "seed": 23, "start": 400000, "done": 32, "total": 60, "seconds": 5.270360113121569}
{"cohort": "heldout", "target": "gauss_left", "family": "gaussian", "seed": 23, "start": 400000, "done": 33, "total": 60, "seconds": 5.3796235751360655}
{"cohort": "heldout", "target": "gauss_right", "family": "gaussian", "seed": 23, "start": 400000, "done": 34, "total": 60, "seconds": 5.479047930799425}
{"cohort": "heldout", "target": "bump_left", "family": "compact_bump", "seed": 23, "start": 400000, "done": 35, "total": 60, "seconds": 5.546119933947921}
{"cohort": "heldout", "target": "bump_right", "family": "compact_bump", "seed": 23, "start": 400000, "done": 36, "total": 60, "seconds": 5.628450406715274}
{"cohort": "heldout", "target": "step_left", "family": "tanh_step", "seed": 23, "start": 400000, "done": 37, "total": 60, "seconds": 5.713884393684566}
{"cohort": "heldout", "target": "step_right", "family": "tanh_step", "seed": 23, "start": 400000, "done": 38, "total": 60, "seconds": 5.7895568292587996}
{"cohort": "heldout", "target": "kink_abs", "family": "kink", "seed": 23, "start": 400000, "done": 39, "total": 60, "seconds": 5.891717677935958}
{"cohort": "heldout", "target": "kink_relu", "family": "kink", "seed": 23, "start": 400000, "done": 40, "total": 60, "seconds": 5.9927646946161985}
{"cohort": "heldout", "target": "exp_right", "family": "exponential", "seed": 22, "start": 600000, "done": 41, "total": 60, "seconds": 6.084547699429095}
{"cohort": "heldout", "target": "exp_left", "family": "exponential", "seed": 22, "start": 600000, "done": 42, "total": 60, "seconds": 6.170710692182183}
{"cohort": "heldout", "target": "gauss_left", "family": "gaussian", "seed": 22, "start": 600000, "done": 43, "total": 60, "seconds": 6.261138769797981}
{"cohort": "heldout", "target": "gauss_right", "family": "gaussian", "seed": 22, "start": 600000, "done": 44, "total": 60, "seconds": 6.341564478352666}
{"cohort": "heldout", "target": "bump_left", "family": "compact_bump", "seed": 22, "start": 600000, "done": 45, "total": 60, "seconds": 6.438582122325897}
{"cohort": "heldout", "target": "bump_right", "family": "compact_bump", "seed": 22, "start": 600000, "done": 46, "total": 60, "seconds": 6.530640398152173}
{"cohort": "heldout", "target": "step_left", "family": "tanh_step", "seed": 22, "start": 600000, "done": 47, "total": 60, "seconds": 6.619310604408383}
{"cohort": "heldout", "target": "step_right", "family": "tanh_step", "seed": 22, "start": 600000, "done": 48, "total": 60, "seconds": 6.704145175404847}
{"cohort": "heldout", "target": "kink_abs", "family": "kink", "seed": 22, "start": 600000, "done": 49, "total": 60, "seconds": 6.778805007226765}
{"cohort": "heldout", "target": "kink_relu", "family": "kink", "seed": 22, "start": 600000, "done": 50, "total": 60, "seconds": 6.870769152417779}
{"cohort": "heldout", "target": "exp_right", "family": "exponential", "seed": 23, "start": 600000, "done": 51, "total": 60, "seconds": 6.94002378731966}
{"cohort": "heldout", "target": "exp_left", "family": "exponential", "seed": 23, "start": 600000, "done": 52, "total": 60, "seconds": 7.019033678807318}
{"cohort": "heldout", "target": "gauss_left", "family": "gaussian", "seed": 23, "start": 600000, "done": 53, "total": 60, "seconds": 7.084040048532188}
{"cohort": "heldout", "target": "gauss_right", "family": "gaussian", "seed": 23, "start": 600000, "done": 54, "total": 60, "seconds": 7.154699847102165}
{"cohort": "heldout", "target": "bump_left", "family": "compact_bump", "seed": 23, "start": 600000, "done": 55, "total": 60, "seconds": 7.22681687772274}
{"cohort": "heldout", "target": "bump_right", "family": "compact_bump", "seed": 23, "start": 600000, "done": 56, "total": 60, "seconds": 7.305648120120168}
{"cohort": "heldout", "target": "step_left", "family": "tanh_step", "seed": 23, "start": 600000, "done": 57, "total": 60, "seconds": 7.383204486221075}
{"cohort": "heldout", "target": "step_right", "family": "tanh_step", "seed": 23, "start": 600000, "done": 58, "total": 60, "seconds": 7.442067933268845}
{"cohort": "heldout", "target": "kink_abs", "family": "kink", "seed": 23, "start": 600000, "done": 59, "total": 60, "seconds": 7.52570880856365}
{"cohort": "heldout", "target": "kink_relu", "family": "kink", "seed": 23, "start": 600000, "done": 60, "total": 60, "seconds": 7.600944960489869}
