Using CPython 3.12.10 interpreter at: /workspace/junmiaoh/experiments/precision-mlps/.venv-feedback/bin/python
Resolved 11 packages in 611ms
Downloading kiwisolver (1.4MiB)
Downloading pillow (6.6MiB)
Downloading fonttools (5.2MiB)
Downloading matplotlib (9.4MiB)
Downloading numpy (15.9MiB)
 Downloaded kiwisolver
 Downloaded fonttools
 Downloaded pillow
 Downloaded matplotlib
 Downloaded numpy
Prepared 10 packages in 569ms
warning: Failed to hardlink files; falling back to full copy. This may lead to degraded performance.
         If the cache and target directories are on different filesystems, hardlinking may not be supported.
         If this is intentional, set `export UV_LINK_MODE=copy` or use `--link-mode=copy` to suppress this warning.
Installed 11 packages in 2.29s
 + contourpy==1.4.0
 + cycler==0.12.1
 + fonttools==4.65.0
 + kiwisolver==1.5.1
 + matplotlib==3.11.2
 + numpy==2.5.1
 + packaging==26.3
 + pillow==12.3.0
 + pyparsing==3.3.3
 + python-dateutil==2.9.0.post0
 + six==1.17.0
